

================================================================
== Vivado HLS Report for 'load_weight'
================================================================
* Date:           Thu Mar 31 15:02:02 2022

* Version:        2019.2 (Build 2704478 on Wed Nov 06 22:10:23 MST 2019)
* Project:        Conv1d
* Solution:       solution1_base
* Product family: zynq
* Target device:  xc7z020-clg400-2


================================================================
== Performance Estimates
================================================================
+ Timing: 
    * Summary: 
    +--------+----------+----------+------------+
    |  Clock |  Target  | Estimated| Uncertainty|
    +--------+----------+----------+------------+
    |ap_clk  | 10.00 ns | 8.750 ns |   1.25 ns  |
    +--------+----------+----------+------------+

+ Latency: 
    * Summary: 
    +---------+---------+----------+----------+-----+-----+---------+
    |  Latency (cycles) |  Latency (absolute) |  Interval | Pipeline|
    |   min   |   max   |    min   |    max   | min | max |   Type  |
    +---------+---------+----------+----------+-----+-----+---------+
    |      213|      213| 2.130 us | 2.130 us |  213|  213|   none  |
    +---------+---------+----------+----------+-----+-----+---------+

    + Detail: 
        * Instance: 
        N/A

        * Loop: 
        +----------+---------+---------+----------+-----------+-----------+------+----------+
        |          |  Latency (cycles) | Iteration|  Initiation Interval  | Trip |          |
        | Loop Name|   min   |   max   |  Latency |  achieved |   target  | Count| Pipelined|
        +----------+---------+---------+----------+-----------+-----------+------+----------+
        |- Loop 1  |      211|      211|        21|          1|          1|   192|    yes   |
        +----------+---------+---------+----------+-----------+-----------+------+----------+



================================================================
== Utilization Estimates
================================================================
* Summary: 
+-----------------+---------+-------+--------+-------+-----+
|       Name      | BRAM_18K| DSP48E|   FF   |  LUT  | URAM|
+-----------------+---------+-------+--------+-------+-----+
|DSP              |        -|      -|       -|      -|    -|
|Expression       |        -|      6|       0|   3727|    -|
|FIFO             |        -|      -|       -|      -|    -|
|Instance         |        -|      -|     195|    126|    -|
|Memory           |        -|      -|       -|      -|    -|
|Multiplexer      |        -|      -|       -|     39|    -|
|Register         |        0|      -|    4001|    192|    -|
+-----------------+---------+-------+--------+-------+-----+
|Total            |        0|      6|    4196|   4084|    0|
+-----------------+---------+-------+--------+-------+-----+
|Available        |      280|    220|  106400|  53200|    0|
+-----------------+---------+-------+--------+-------+-----+
|Utilization (%)  |        0|      2|       3|      7|    0|
+-----------------+---------+-------+--------+-------+-----+

+ Detail: 
    * Instance: 
    +--------------------------+----------------------+---------+-------+-----+-----+-----+
    |         Instance         |        Module        | BRAM_18K| DSP48E|  FF | LUT | URAM|
    +--------------------------+----------------------+---------+-------+-----+-----+-----+
    |conv1d_urem_8ns_3dEe_U47  |conv1d_urem_8ns_3dEe  |        0|      0|  195|  126|    0|
    +--------------------------+----------------------+---------+-------+-----+-----+-----+
    |Total                     |                      |        0|      0|  195|  126|    0|
    +--------------------------+----------------------+---------+-------+-----+-----+-----+

    * DSP48E: 
    N/A

    * Memory: 
    N/A

    * FIFO: 
    N/A

    * Expression: 
    +----------------------------+----------+-------+---+----+------------+------------+
    |        Variable Name       | Operation| DSP48E| FF| LUT| Bitwidth P0| Bitwidth P1|
    +----------------------------+----------+-------+---+----+------------+------------+
    |mul_ln27_1_fu_4368_p2       |     *    |      3|  0|  21|          32|          32|
    |mul_ln27_fu_4357_p2         |     *    |      3|  0|  21|          32|          32|
    |add_ln23_1_fu_4310_p2       |     +    |      0|  0|   7|           1|           5|
    |add_ln23_fu_4298_p2         |     +    |      0|  0|   8|           1|           8|
    |add_ln24_1_fu_4343_p2       |     +    |      0|  0|   7|           5|           1|
    |add_ln27_1_fu_4452_p2       |     +    |      0|  0|  32|          32|          32|
    |add_ln27_2_fu_4478_p2       |     +    |      0|  0|  33|          33|          33|
    |add_ln27_3_fu_4320_p2       |     +    |      0|  0|  32|          32|          32|
    |add_ln27_4_fu_4502_p2       |     +    |      0|  0|  33|          33|          33|
    |add_ln27_5_fu_4517_p2       |     +    |      0|  0|  32|          32|          32|
    |add_ln27_6_fu_4550_p2       |     +    |      0|  0|  33|          33|          33|
    |add_ln27_7_fu_4567_p2       |     +    |      0|  0|  34|          34|          34|
    |add_ln27_fu_4287_p2         |     +    |      0|  0|  32|          32|          32|
    |k_fu_4439_p2                |     +    |      0|  0|   3|           2|           1|
    |nn_fu_4400_p2               |     +    |      0|  0|   4|           1|           3|
    |sub_ln27_1_fu_4463_p2       |     -    |      0|  0|  32|          32|          32|
    |sub_ln27_2_fu_3303_p2       |     -    |      0|  0|  32|          32|          32|
    |sub_ln27_3_fu_4528_p2       |     -    |      0|  0|  32|          32|          32|
    |sub_ln27_fu_3291_p2         |     -    |      0|  0|  32|          32|          32|
    |and_ln23_fu_4394_p2         |    and   |      0|  0|   1|           1|           1|
    |ap_block_state14_io         |    and   |      0|  0|   1|           1|           1|
    |empty_9_fu_4582_p2          |   icmp   |      0|  0|   4|           8|           1|
    |icmp_ln23_fu_4292_p2        |   icmp   |      0|  0|   4|           8|           8|
    |icmp_ln24_fu_4304_p2        |   icmp   |      0|  0|   2|           5|           4|
    |icmp_ln25_fu_4388_p2        |   icmp   |      0|  0|   1|           2|           2|
    |icmp_ln28_1_fu_3309_p2      |   icmp   |      0|  0|  12|          32|          32|
    |icmp_ln28_2_fu_4534_p2      |   icmp   |      0|  0|  12|          32|          32|
    |icmp_ln28_fu_4469_p2        |   icmp   |      0|  0|  12|          32|          32|
    |ap_block_pp0_stage0_11001   |    or    |      0|  0|   1|           1|           1|
    |or_ln24_fu_4406_p2          |    or    |      0|  0|   1|           1|           1|
    |select_ln23_1_fu_4487_p3    |  select  |      0|  0|  32|           1|          32|
    |select_ln23_2_fu_4325_p3    |  select  |      0|  0|   5|           1|           5|
    |select_ln23_3_fu_4496_p3    |  select  |      0|  0|   2|           1|           1|
    |select_ln23_4_fu_4376_p3    |  select  |      0|  0|   2|           1|           1|
    |select_ln23_5_fu_4507_p3    |  select  |      0|  0|  33|           1|          33|
    |select_ln23_fu_4361_p3      |  select  |      0|  0|   3|           1|           1|
    |select_ln24_1_fu_4539_p3    |  select  |      0|  0|   2|           1|           1|
    |select_ln24_2_fu_4423_p3    |  select  |      0|  0|   2|           1|           2|
    |select_ln24_3_fu_4556_p3    |  select  |      0|  0|  33|           1|          33|
    |select_ln24_4_fu_4431_p3    |  select  |      0|  0|   3|           1|           3|
    |select_ln24_5_fu_4349_p3    |  select  |      0|  0|   5|           1|           1|
    |select_ln24_fu_4411_p3      |  select  |      0|  0|   2|           1|           1|
    |select_ln34_100_fu_8366_p3  |  select  |      0|  0|  16|           1|          16|
    |select_ln34_101_fu_8373_p3  |  select  |      0|  0|  16|           1|          16|
    |select_ln34_102_fu_8380_p3  |  select  |      0|  0|  16|           1|          16|
    |select_ln34_103_fu_8387_p3  |  select  |      0|  0|  16|           1|          16|
    |select_ln34_104_fu_8394_p3  |  select  |      0|  0|  16|           1|          16|
    |select_ln34_105_fu_8401_p3  |  select  |      0|  0|  16|           1|          16|
    |select_ln34_106_fu_8408_p3  |  select  |      0|  0|  16|           1|          16|
    |select_ln34_107_fu_8415_p3  |  select  |      0|  0|  16|           1|          16|
    |select_ln34_108_fu_8422_p3  |  select  |      0|  0|  16|           1|          16|
    |select_ln34_109_fu_8429_p3  |  select  |      0|  0|  16|           1|          16|
    |select_ln34_10_fu_7736_p3   |  select  |      0|  0|  16|           1|          16|
    |select_ln34_110_fu_8436_p3  |  select  |      0|  0|  16|           1|          16|
    |select_ln34_111_fu_8443_p3  |  select  |      0|  0|  16|           1|          16|
    |select_ln34_112_fu_8450_p3  |  select  |      0|  0|  16|           1|          16|
    |select_ln34_113_fu_8457_p3  |  select  |      0|  0|  16|           1|          16|
    |select_ln34_114_fu_8464_p3  |  select  |      0|  0|  16|           1|          16|
    |select_ln34_115_fu_8471_p3  |  select  |      0|  0|  16|           1|          16|
    |select_ln34_116_fu_8478_p3  |  select  |      0|  0|  16|           1|          16|
    |select_ln34_117_fu_8485_p3  |  select  |      0|  0|  16|           1|          16|
    |select_ln34_118_fu_8492_p3  |  select  |      0|  0|  16|           1|          16|
    |select_ln34_119_fu_8499_p3  |  select  |      0|  0|  16|           1|          16|
    |select_ln34_11_fu_7743_p3   |  select  |      0|  0|  16|           1|          16|
    |select_ln34_120_fu_8506_p3  |  select  |      0|  0|  16|           1|          16|
    |select_ln34_121_fu_8513_p3  |  select  |      0|  0|  16|           1|          16|
    |select_ln34_122_fu_8520_p3  |  select  |      0|  0|  16|           1|          16|
    |select_ln34_123_fu_8527_p3  |  select  |      0|  0|  16|           1|          16|
    |select_ln34_124_fu_8534_p3  |  select  |      0|  0|  16|           1|          16|
    |select_ln34_125_fu_8541_p3  |  select  |      0|  0|  16|           1|          16|
    |select_ln34_126_fu_8548_p3  |  select  |      0|  0|  16|           1|          16|
    |select_ln34_127_fu_8555_p3  |  select  |      0|  0|  16|           1|          16|
    |select_ln34_128_fu_8562_p3  |  select  |      0|  0|  16|           1|          16|
    |select_ln34_129_fu_8569_p3  |  select  |      0|  0|  16|           1|          16|
    |select_ln34_12_fu_7750_p3   |  select  |      0|  0|  16|           1|          16|
    |select_ln34_130_fu_8576_p3  |  select  |      0|  0|  16|           1|          16|
    |select_ln34_131_fu_8583_p3  |  select  |      0|  0|  16|           1|          16|
    |select_ln34_132_fu_8590_p3  |  select  |      0|  0|  16|           1|          16|
    |select_ln34_133_fu_8597_p3  |  select  |      0|  0|  16|           1|          16|
    |select_ln34_134_fu_8604_p3  |  select  |      0|  0|  16|           1|          16|
    |select_ln34_135_fu_8611_p3  |  select  |      0|  0|  16|           1|          16|
    |select_ln34_136_fu_8618_p3  |  select  |      0|  0|  16|           1|          16|
    |select_ln34_137_fu_8625_p3  |  select  |      0|  0|  16|           1|          16|
    |select_ln34_138_fu_8632_p3  |  select  |      0|  0|  16|           1|          16|
    |select_ln34_139_fu_8639_p3  |  select  |      0|  0|  16|           1|          16|
    |select_ln34_13_fu_7757_p3   |  select  |      0|  0|  16|           1|          16|
    |select_ln34_140_fu_8646_p3  |  select  |      0|  0|  16|           1|          16|
    |select_ln34_141_fu_8653_p3  |  select  |      0|  0|  16|           1|          16|
    |select_ln34_142_fu_8660_p3  |  select  |      0|  0|  16|           1|          16|
    |select_ln34_143_fu_8667_p3  |  select  |      0|  0|  16|           1|          16|
    |select_ln34_144_fu_8674_p3  |  select  |      0|  0|  16|           1|          16|
    |select_ln34_145_fu_8681_p3  |  select  |      0|  0|  16|           1|          16|
    |select_ln34_146_fu_8688_p3  |  select  |      0|  0|  16|           1|          16|
    |select_ln34_147_fu_8695_p3  |  select  |      0|  0|  16|           1|          16|
    |select_ln34_148_fu_8702_p3  |  select  |      0|  0|  16|           1|          16|
    |select_ln34_149_fu_8709_p3  |  select  |      0|  0|  16|           1|          16|
    |select_ln34_14_fu_7764_p3   |  select  |      0|  0|  16|           1|          16|
    |select_ln34_150_fu_8716_p3  |  select  |      0|  0|  16|           1|          16|
    |select_ln34_151_fu_8723_p3  |  select  |      0|  0|  16|           1|          16|
    |select_ln34_152_fu_8730_p3  |  select  |      0|  0|  16|           1|          16|
    |select_ln34_153_fu_8737_p3  |  select  |      0|  0|  16|           1|          16|
    |select_ln34_154_fu_8744_p3  |  select  |      0|  0|  16|           1|          16|
    |select_ln34_155_fu_8751_p3  |  select  |      0|  0|  16|           1|          16|
    |select_ln34_156_fu_8758_p3  |  select  |      0|  0|  16|           1|          16|
    |select_ln34_157_fu_8765_p3  |  select  |      0|  0|  16|           1|          16|
    |select_ln34_158_fu_8772_p3  |  select  |      0|  0|  16|           1|          16|
    |select_ln34_159_fu_8779_p3  |  select  |      0|  0|  16|           1|          16|
    |select_ln34_15_fu_7771_p3   |  select  |      0|  0|  16|           1|          16|
    |select_ln34_160_fu_8786_p3  |  select  |      0|  0|  16|           1|          16|
    |select_ln34_161_fu_8793_p3  |  select  |      0|  0|  16|           1|          16|
    |select_ln34_162_fu_8800_p3  |  select  |      0|  0|  16|           1|          16|
    |select_ln34_163_fu_8807_p3  |  select  |      0|  0|  16|           1|          16|
    |select_ln34_164_fu_8814_p3  |  select  |      0|  0|  16|           1|          16|
    |select_ln34_165_fu_8821_p3  |  select  |      0|  0|  16|           1|          16|
    |select_ln34_166_fu_8828_p3  |  select  |      0|  0|  16|           1|          16|
    |select_ln34_167_fu_8835_p3  |  select  |      0|  0|  16|           1|          16|
    |select_ln34_168_fu_8842_p3  |  select  |      0|  0|  16|           1|          16|
    |select_ln34_169_fu_8849_p3  |  select  |      0|  0|  16|           1|          16|
    |select_ln34_16_fu_7778_p3   |  select  |      0|  0|  16|           1|          16|
    |select_ln34_170_fu_8856_p3  |  select  |      0|  0|  16|           1|          16|
    |select_ln34_171_fu_8863_p3  |  select  |      0|  0|  16|           1|          16|
    |select_ln34_172_fu_8870_p3  |  select  |      0|  0|  16|           1|          16|
    |select_ln34_173_fu_8877_p3  |  select  |      0|  0|  16|           1|          16|
    |select_ln34_174_fu_8884_p3  |  select  |      0|  0|  16|           1|          16|
    |select_ln34_175_fu_8891_p3  |  select  |      0|  0|  16|           1|          16|
    |select_ln34_176_fu_8898_p3  |  select  |      0|  0|  16|           1|          16|
    |select_ln34_177_fu_8905_p3  |  select  |      0|  0|  16|           1|          16|
    |select_ln34_178_fu_8912_p3  |  select  |      0|  0|  16|           1|          16|
    |select_ln34_179_fu_8919_p3  |  select  |      0|  0|  16|           1|          16|
    |select_ln34_17_fu_7785_p3   |  select  |      0|  0|  16|           1|          16|
    |select_ln34_180_fu_8926_p3  |  select  |      0|  0|  16|           1|          16|
    |select_ln34_181_fu_8933_p3  |  select  |      0|  0|  16|           1|          16|
    |select_ln34_182_fu_8940_p3  |  select  |      0|  0|  16|           1|          16|
    |select_ln34_183_fu_8947_p3  |  select  |      0|  0|  16|           1|          16|
    |select_ln34_184_fu_8954_p3  |  select  |      0|  0|  16|           1|          16|
    |select_ln34_185_fu_8961_p3  |  select  |      0|  0|  16|           1|          16|
    |select_ln34_186_fu_8968_p3  |  select  |      0|  0|  16|           1|          16|
    |select_ln34_187_fu_8975_p3  |  select  |      0|  0|  16|           1|          16|
    |select_ln34_188_fu_8982_p3  |  select  |      0|  0|  16|           1|          16|
    |select_ln34_189_fu_8989_p3  |  select  |      0|  0|  16|           1|          16|
    |select_ln34_18_fu_7792_p3   |  select  |      0|  0|  16|           1|          16|
    |select_ln34_190_fu_8996_p3  |  select  |      0|  0|  16|           1|          16|
    |select_ln34_191_fu_9003_p3  |  select  |      0|  0|  16|           1|          16|
    |select_ln34_19_fu_7799_p3   |  select  |      0|  0|  16|           1|          16|
    |select_ln34_1_fu_7673_p3    |  select  |      0|  0|  16|           1|          16|
    |select_ln34_20_fu_7806_p3   |  select  |      0|  0|  16|           1|          16|
    |select_ln34_21_fu_7813_p3   |  select  |      0|  0|  16|           1|          16|
    |select_ln34_22_fu_7820_p3   |  select  |      0|  0|  16|           1|          16|
    |select_ln34_23_fu_7827_p3   |  select  |      0|  0|  16|           1|          16|
    |select_ln34_24_fu_7834_p3   |  select  |      0|  0|  16|           1|          16|
    |select_ln34_25_fu_7841_p3   |  select  |      0|  0|  16|           1|          16|
    |select_ln34_26_fu_7848_p3   |  select  |      0|  0|  16|           1|          16|
    |select_ln34_27_fu_7855_p3   |  select  |      0|  0|  16|           1|          16|
    |select_ln34_28_fu_7862_p3   |  select  |      0|  0|  16|           1|          16|
    |select_ln34_29_fu_7869_p3   |  select  |      0|  0|  16|           1|          16|
    |select_ln34_2_fu_7680_p3    |  select  |      0|  0|  16|           1|          16|
    |select_ln34_30_fu_7876_p3   |  select  |      0|  0|  16|           1|          16|
    |select_ln34_31_fu_7883_p3   |  select  |      0|  0|  16|           1|          16|
    |select_ln34_32_fu_7890_p3   |  select  |      0|  0|  16|           1|          16|
    |select_ln34_33_fu_7897_p3   |  select  |      0|  0|  16|           1|          16|
    |select_ln34_34_fu_7904_p3   |  select  |      0|  0|  16|           1|          16|
    |select_ln34_35_fu_7911_p3   |  select  |      0|  0|  16|           1|          16|
    |select_ln34_36_fu_7918_p3   |  select  |      0|  0|  16|           1|          16|
    |select_ln34_37_fu_7925_p3   |  select  |      0|  0|  16|           1|          16|
    |select_ln34_38_fu_7932_p3   |  select  |      0|  0|  16|           1|          16|
    |select_ln34_39_fu_7939_p3   |  select  |      0|  0|  16|           1|          16|
    |select_ln34_3_fu_7687_p3    |  select  |      0|  0|  16|           1|          16|
    |select_ln34_40_fu_7946_p3   |  select  |      0|  0|  16|           1|          16|
    |select_ln34_41_fu_7953_p3   |  select  |      0|  0|  16|           1|          16|
    |select_ln34_42_fu_7960_p3   |  select  |      0|  0|  16|           1|          16|
    |select_ln34_43_fu_7967_p3   |  select  |      0|  0|  16|           1|          16|
    |select_ln34_44_fu_7974_p3   |  select  |      0|  0|  16|           1|          16|
    |select_ln34_45_fu_7981_p3   |  select  |      0|  0|  16|           1|          16|
    |select_ln34_46_fu_7988_p3   |  select  |      0|  0|  16|           1|          16|
    |select_ln34_47_fu_7995_p3   |  select  |      0|  0|  16|           1|          16|
    |select_ln34_48_fu_8002_p3   |  select  |      0|  0|  16|           1|          16|
    |select_ln34_49_fu_8009_p3   |  select  |      0|  0|  16|           1|          16|
    |select_ln34_4_fu_7694_p3    |  select  |      0|  0|  16|           1|          16|
    |select_ln34_50_fu_8016_p3   |  select  |      0|  0|  16|           1|          16|
    |select_ln34_51_fu_8023_p3   |  select  |      0|  0|  16|           1|          16|
    |select_ln34_52_fu_8030_p3   |  select  |      0|  0|  16|           1|          16|
    |select_ln34_53_fu_8037_p3   |  select  |      0|  0|  16|           1|          16|
    |select_ln34_54_fu_8044_p3   |  select  |      0|  0|  16|           1|          16|
    |select_ln34_55_fu_8051_p3   |  select  |      0|  0|  16|           1|          16|
    |select_ln34_56_fu_8058_p3   |  select  |      0|  0|  16|           1|          16|
    |select_ln34_57_fu_8065_p3   |  select  |      0|  0|  16|           1|          16|
    |select_ln34_58_fu_8072_p3   |  select  |      0|  0|  16|           1|          16|
    |select_ln34_59_fu_8079_p3   |  select  |      0|  0|  16|           1|          16|
    |select_ln34_5_fu_7701_p3    |  select  |      0|  0|  16|           1|          16|
    |select_ln34_60_fu_8086_p3   |  select  |      0|  0|  16|           1|          16|
    |select_ln34_61_fu_8093_p3   |  select  |      0|  0|  16|           1|          16|
    |select_ln34_62_fu_8100_p3   |  select  |      0|  0|  16|           1|          16|
    |select_ln34_63_fu_8107_p3   |  select  |      0|  0|  16|           1|          16|
    |select_ln34_64_fu_8114_p3   |  select  |      0|  0|  16|           1|          16|
    |select_ln34_65_fu_8121_p3   |  select  |      0|  0|  16|           1|          16|
    |select_ln34_66_fu_8128_p3   |  select  |      0|  0|  16|           1|          16|
    |select_ln34_67_fu_8135_p3   |  select  |      0|  0|  16|           1|          16|
    |select_ln34_68_fu_8142_p3   |  select  |      0|  0|  16|           1|          16|
    |select_ln34_69_fu_8149_p3   |  select  |      0|  0|  16|           1|          16|
    |select_ln34_6_fu_7708_p3    |  select  |      0|  0|  16|           1|          16|
    |select_ln34_70_fu_8156_p3   |  select  |      0|  0|  16|           1|          16|
    |select_ln34_71_fu_8163_p3   |  select  |      0|  0|  16|           1|          16|
    |select_ln34_72_fu_8170_p3   |  select  |      0|  0|  16|           1|          16|
    |select_ln34_73_fu_8177_p3   |  select  |      0|  0|  16|           1|          16|
    |select_ln34_74_fu_8184_p3   |  select  |      0|  0|  16|           1|          16|
    |select_ln34_75_fu_8191_p3   |  select  |      0|  0|  16|           1|          16|
    |select_ln34_76_fu_8198_p3   |  select  |      0|  0|  16|           1|          16|
    |select_ln34_77_fu_8205_p3   |  select  |      0|  0|  16|           1|          16|
    |select_ln34_78_fu_8212_p3   |  select  |      0|  0|  16|           1|          16|
    |select_ln34_79_fu_8219_p3   |  select  |      0|  0|  16|           1|          16|
    |select_ln34_7_fu_7715_p3    |  select  |      0|  0|  16|           1|          16|
    |select_ln34_80_fu_8226_p3   |  select  |      0|  0|  16|           1|          16|
    |select_ln34_81_fu_8233_p3   |  select  |      0|  0|  16|           1|          16|
    |select_ln34_82_fu_8240_p3   |  select  |      0|  0|  16|           1|          16|
    |select_ln34_83_fu_8247_p3   |  select  |      0|  0|  16|           1|          16|
    |select_ln34_84_fu_8254_p3   |  select  |      0|  0|  16|           1|          16|
    |select_ln34_85_fu_8261_p3   |  select  |      0|  0|  16|           1|          16|
    |select_ln34_86_fu_8268_p3   |  select  |      0|  0|  16|           1|          16|
    |select_ln34_87_fu_8275_p3   |  select  |      0|  0|  16|           1|          16|
    |select_ln34_88_fu_8282_p3   |  select  |      0|  0|  16|           1|          16|
    |select_ln34_89_fu_8289_p3   |  select  |      0|  0|  16|           1|          16|
    |select_ln34_8_fu_7722_p3    |  select  |      0|  0|  16|           1|          16|
    |select_ln34_90_fu_8296_p3   |  select  |      0|  0|  16|           1|          16|
    |select_ln34_91_fu_8303_p3   |  select  |      0|  0|  16|           1|          16|
    |select_ln34_92_fu_8310_p3   |  select  |      0|  0|  16|           1|          16|
    |select_ln34_93_fu_8317_p3   |  select  |      0|  0|  16|           1|          16|
    |select_ln34_94_fu_8324_p3   |  select  |      0|  0|  16|           1|          16|
    |select_ln34_95_fu_8331_p3   |  select  |      0|  0|  16|           1|          16|
    |select_ln34_96_fu_8338_p3   |  select  |      0|  0|  16|           1|          16|
    |select_ln34_97_fu_8345_p3   |  select  |      0|  0|  16|           1|          16|
    |select_ln34_98_fu_8352_p3   |  select  |      0|  0|  16|           1|          16|
    |select_ln34_99_fu_8359_p3   |  select  |      0|  0|  16|           1|          16|
    |select_ln34_9_fu_7729_p3    |  select  |      0|  0|  16|           1|          16|
    |select_ln34_fu_7666_p3      |  select  |      0|  0|  16|           1|          16|
    |tmp_V_194_fu_4588_p3        |  select  |      0|  0|  16|           1|          16|
    |ap_enable_pp0               |    xor   |      0|  0|   2|           1|           2|
    |xor_ln23_fu_4383_p2         |    xor   |      0|  0|   2|           1|           2|
    +----------------------------+----------+-------+---+----+------------+------------+
    |Total                       |          |      6|  0|3727|         793|        3792|
    +----------------------------+----------+-------+---+----+------------+------------+

    * Multiplexer: 
    +---------------------------------------------+----+-----------+-----+-----------+
    |                     Name                    | LUT| Input Size| Bits| Total Bits|
    +---------------------------------------------+----+-----------+-----+-----------+
    |ap_NS_fsm                                    |   3|          4|    1|          4|
    |ap_enable_reg_pp0_iter20                     |   3|          2|    1|          2|
    |ap_enable_reg_pp0_iter3                      |   3|          2|    1|          2|
    |ap_phi_mux_indvar_flatten802_phi_fu_3232_p4  |   3|          2|    8|         16|
    |ap_phi_mux_mm_0_phi_fu_3244_p4               |   3|          2|    5|         10|
    |ap_phi_mux_nn_0_phi_fu_3266_p4               |   3|          2|    3|          6|
    |indvar_flatten802_reg_3228                   |   3|          2|    8|         16|
    |indvar_flatten_reg_3251                      |   3|          2|    5|         10|
    |k_0_reg_3274                                 |   3|          2|    2|          4|
    |mm_0_reg_3240                                |   3|          2|    5|         10|
    |nn_0_reg_3262                                |   3|          2|    3|          6|
    |weight_V_blk_n_AR                            |   3|          2|    1|          2|
    |weight_V_blk_n_R                             |   3|          2|    1|          2|
    +---------------------------------------------+----+-----------+-----+-----------+
    |Total                                        |  39|         28|   44|         90|
    +---------------------------------------------+----+-----------+-----+-----------+

    * Register: 
    +-----------------------------------+----+----+-----+-----------+
    |                Name               | FF | LUT| Bits| Const Bits|
    +-----------------------------------+----+----+-----+-----------+
    |add_ln23_reg_13666                 |   8|   0|    8|          0|
    |add_ln27_3_reg_13682               |  32|   0|   32|          0|
    |add_ln27_reg_13657                 |  32|   0|   32|          0|
    |and_ln23_reg_13713                 |   1|   0|    1|          0|
    |ap_CS_fsm                          |   3|   0|    3|          0|
    |ap_enable_reg_pp0_iter0            |   1|   0|    1|          0|
    |ap_enable_reg_pp0_iter1            |   1|   0|    1|          0|
    |ap_enable_reg_pp0_iter10           |   1|   0|    1|          0|
    |ap_enable_reg_pp0_iter11           |   1|   0|    1|          0|
    |ap_enable_reg_pp0_iter12           |   1|   0|    1|          0|
    |ap_enable_reg_pp0_iter13           |   1|   0|    1|          0|
    |ap_enable_reg_pp0_iter14           |   1|   0|    1|          0|
    |ap_enable_reg_pp0_iter15           |   1|   0|    1|          0|
    |ap_enable_reg_pp0_iter16           |   1|   0|    1|          0|
    |ap_enable_reg_pp0_iter17           |   1|   0|    1|          0|
    |ap_enable_reg_pp0_iter18           |   1|   0|    1|          0|
    |ap_enable_reg_pp0_iter19           |   1|   0|    1|          0|
    |ap_enable_reg_pp0_iter2            |   1|   0|    1|          0|
    |ap_enable_reg_pp0_iter20           |   1|   0|    1|          0|
    |ap_enable_reg_pp0_iter3            |   1|   0|    1|          0|
    |ap_enable_reg_pp0_iter4            |   1|   0|    1|          0|
    |ap_enable_reg_pp0_iter5            |   1|   0|    1|          0|
    |ap_enable_reg_pp0_iter6            |   1|   0|    1|          0|
    |ap_enable_reg_pp0_iter7            |   1|   0|    1|          0|
    |ap_enable_reg_pp0_iter8            |   1|   0|    1|          0|
    |ap_enable_reg_pp0_iter9            |   1|   0|    1|          0|
    |empty_9_reg_13753                  |   1|   0|    1|          0|
    |icmp_ln23_reg_13662                |   1|   0|    1|          0|
    |icmp_ln24_reg_13671                |   1|   0|    1|          0|
    |icmp_ln24_reg_13671_pp0_iter1_reg  |   1|   0|    1|          0|
    |icmp_ln28_1_reg_13642              |   1|   0|    1|          0|
    |indvar_flatten802_reg_3228         |   8|   0|    8|          0|
    |indvar_flatten_reg_3251            |   5|   0|    5|          0|
    |k_0_reg_3274                       |   2|   0|    2|          0|
    |mm_0_reg_3240                      |   5|   0|    5|          0|
    |mul_ln27_1_reg_13707               |  32|   0|   32|          0|
    |mul_ln27_reg_13701                 |  32|   0|   32|          0|
    |nn_0_reg_3262                      |   3|   0|    3|          0|
    |nn_reg_13719                       |   3|   0|    3|          0|
    |select_ln23_2_reg_13687            |   5|   0|    5|          0|
    |select_ln24_1_reg_13742            |   1|   0|    1|          0|
    |select_ln24_2_reg_13728            |   2|   0|    2|          0|
    |select_ln24_4_reg_13732            |   3|   0|    3|          0|
    |select_ln24_reg_13724              |   2|   0|    2|          0|
    |sext_ln27_reg_13647                |  33|   0|   33|          0|
    |sub_ln27_reg_13636                 |  32|   0|   32|          0|
    |tmp_V_100_fu_1292                  |  16|   0|   16|          0|
    |tmp_V_101_fu_1296                  |  16|   0|   16|          0|
    |tmp_V_102_fu_1304                  |  16|   0|   16|          0|
    |tmp_V_103_fu_1312                  |  16|   0|   16|          0|
    |tmp_V_104_fu_1316                  |  16|   0|   16|          0|
    |tmp_V_105_fu_1324                  |  16|   0|   16|          0|
    |tmp_V_106_fu_1336                  |  16|   0|   16|          0|
    |tmp_V_107_fu_1340                  |  16|   0|   16|          0|
    |tmp_V_108_fu_1348                  |  16|   0|   16|          0|
    |tmp_V_109_fu_1360                  |  16|   0|   16|          0|
    |tmp_V_10_fu_564                    |  16|   0|   16|          0|
    |tmp_V_110_fu_1364                  |  16|   0|   16|          0|
    |tmp_V_111_fu_1372                  |  16|   0|   16|          0|
    |tmp_V_112_fu_1384                  |  16|   0|   16|          0|
    |tmp_V_113_fu_1388                  |  16|   0|   16|          0|
    |tmp_V_114_fu_1396                  |  16|   0|   16|          0|
    |tmp_V_115_fu_1408                  |  16|   0|   16|          0|
    |tmp_V_116_fu_1412                  |  16|   0|   16|          0|
    |tmp_V_117_fu_1420                  |  16|   0|   16|          0|
    |tmp_V_118_fu_1432                  |  16|   0|   16|          0|
    |tmp_V_119_fu_1436                  |  16|   0|   16|          0|
    |tmp_V_11_fu_576                    |  16|   0|   16|          0|
    |tmp_V_120_fu_1444                  |  16|   0|   16|          0|
    |tmp_V_121_fu_1456                  |  16|   0|   16|          0|
    |tmp_V_122_fu_1460                  |  16|   0|   16|          0|
    |tmp_V_123_fu_1468                  |  16|   0|   16|          0|
    |tmp_V_124_fu_1480                  |  16|   0|   16|          0|
    |tmp_V_125_fu_1484                  |  16|   0|   16|          0|
    |tmp_V_126_fu_1492                  |  16|   0|   16|          0|
    |tmp_V_127_fu_1504                  |  16|   0|   16|          0|
    |tmp_V_128_fu_1508                  |  16|   0|   16|          0|
    |tmp_V_129_fu_1516                  |  16|   0|   16|          0|
    |tmp_V_12_fu_580                    |  16|   0|   16|          0|
    |tmp_V_130_fu_1528                  |  16|   0|   16|          0|
    |tmp_V_131_fu_1532                  |  16|   0|   16|          0|
    |tmp_V_132_fu_1540                  |  16|   0|   16|          0|
    |tmp_V_133_fu_1552                  |  16|   0|   16|          0|
    |tmp_V_134_fu_1556                  |  16|   0|   16|          0|
    |tmp_V_135_fu_1564                  |  16|   0|   16|          0|
    |tmp_V_136_fu_1576                  |  16|   0|   16|          0|
    |tmp_V_137_fu_1584                  |  16|   0|   16|          0|
    |tmp_V_138_fu_1588                  |  16|   0|   16|          0|
    |tmp_V_139_fu_1596                  |  16|   0|   16|          0|
    |tmp_V_13_fu_588                    |  16|   0|   16|          0|
    |tmp_V_140_fu_1608                  |  16|   0|   16|          0|
    |tmp_V_141_fu_1612                  |  16|   0|   16|          0|
    |tmp_V_142_fu_1620                  |  16|   0|   16|          0|
    |tmp_V_143_fu_1632                  |  16|   0|   16|          0|
    |tmp_V_144_fu_1636                  |  16|   0|   16|          0|
    |tmp_V_145_fu_1644                  |  16|   0|   16|          0|
    |tmp_V_146_fu_1656                  |  16|   0|   16|          0|
    |tmp_V_147_fu_1660                  |  16|   0|   16|          0|
    |tmp_V_148_fu_1668                  |  16|   0|   16|          0|
    |tmp_V_149_fu_1680                  |  16|   0|   16|          0|
    |tmp_V_14_fu_600                    |  16|   0|   16|          0|
    |tmp_V_150_fu_1684                  |  16|   0|   16|          0|
    |tmp_V_151_fu_1692                  |  16|   0|   16|          0|
    |tmp_V_152_fu_1704                  |  16|   0|   16|          0|
    |tmp_V_153_fu_1708                  |  16|   0|   16|          0|
    |tmp_V_154_fu_1716                  |  16|   0|   16|          0|
    |tmp_V_155_fu_1728                  |  16|   0|   16|          0|
    |tmp_V_156_fu_1732                  |  16|   0|   16|          0|
    |tmp_V_157_fu_1740                  |  16|   0|   16|          0|
    |tmp_V_158_fu_1752                  |  16|   0|   16|          0|
    |tmp_V_159_fu_1756                  |  16|   0|   16|          0|
    |tmp_V_15_fu_604                    |  16|   0|   16|          0|
    |tmp_V_160_fu_1764                  |  16|   0|   16|          0|
    |tmp_V_161_fu_1776                  |  16|   0|   16|          0|
    |tmp_V_162_fu_1780                  |  16|   0|   16|          0|
    |tmp_V_163_fu_1788                  |  16|   0|   16|          0|
    |tmp_V_164_fu_1800                  |  16|   0|   16|          0|
    |tmp_V_165_fu_1804                  |  16|   0|   16|          0|
    |tmp_V_166_fu_1812                  |  16|   0|   16|          0|
    |tmp_V_167_fu_1824                  |  16|   0|   16|          0|
    |tmp_V_168_fu_1828                  |  16|   0|   16|          0|
    |tmp_V_169_fu_1836                  |  16|   0|   16|          0|
    |tmp_V_16_fu_612                    |  16|   0|   16|          0|
    |tmp_V_170_fu_1848                  |  16|   0|   16|          0|
    |tmp_V_171_fu_1860                  |  16|   0|   16|          0|
    |tmp_V_172_fu_1864                  |  16|   0|   16|          0|
    |tmp_V_173_fu_1872                  |  16|   0|   16|          0|
    |tmp_V_174_fu_1884                  |  16|   0|   16|          0|
    |tmp_V_175_fu_1888                  |  16|   0|   16|          0|
    |tmp_V_176_fu_1896                  |  16|   0|   16|          0|
    |tmp_V_177_fu_1908                  |  16|   0|   16|          0|
    |tmp_V_178_fu_1912                  |  16|   0|   16|          0|
    |tmp_V_179_fu_1920                  |  16|   0|   16|          0|
    |tmp_V_17_fu_624                    |  16|   0|   16|          0|
    |tmp_V_180_fu_1932                  |  16|   0|   16|          0|
    |tmp_V_181_fu_1936                  |  16|   0|   16|          0|
    |tmp_V_182_fu_1944                  |  16|   0|   16|          0|
    |tmp_V_183_fu_1956                  |  16|   0|   16|          0|
    |tmp_V_184_fu_1960                  |  16|   0|   16|          0|
    |tmp_V_185_fu_1968                  |  16|   0|   16|          0|
    |tmp_V_186_fu_1980                  |  16|   0|   16|          0|
    |tmp_V_187_fu_1984                  |  16|   0|   16|          0|
    |tmp_V_188_fu_1992                  |  16|   0|   16|          0|
    |tmp_V_189_fu_2004                  |  16|   0|   16|          0|
    |tmp_V_18_fu_628                    |  16|   0|   16|          0|
    |tmp_V_190_fu_2008                  |  16|   0|   16|          0|
    |tmp_V_191_fu_2016                  |  16|   0|   16|          0|
    |tmp_V_192_fu_2028                  |  16|   0|   16|          0|
    |tmp_V_193_fu_2032                  |  16|   0|   16|          0|
    |tmp_V_19_fu_636                    |  16|   0|   16|          0|
    |tmp_V_20_fu_648                    |  16|   0|   16|          0|
    |tmp_V_21_fu_652                    |  16|   0|   16|          0|
    |tmp_V_22_fu_660                    |  16|   0|   16|          0|
    |tmp_V_23_fu_672                    |  16|   0|   16|          0|
    |tmp_V_24_fu_676                    |  16|   0|   16|          0|
    |tmp_V_25_fu_684                    |  16|   0|   16|          0|
    |tmp_V_26_fu_696                    |  16|   0|   16|          0|
    |tmp_V_27_fu_700                    |  16|   0|   16|          0|
    |tmp_V_28_fu_708                    |  16|   0|   16|          0|
    |tmp_V_29_fu_720                    |  16|   0|   16|          0|
    |tmp_V_2_fu_504                     |  16|   0|   16|          0|
    |tmp_V_30_fu_724                    |  16|   0|   16|          0|
    |tmp_V_31_fu_732                    |  16|   0|   16|          0|
    |tmp_V_32_fu_744                    |  16|   0|   16|          0|
    |tmp_V_33_fu_748                    |  16|   0|   16|          0|
    |tmp_V_34_fu_756                    |  16|   0|   16|          0|
    |tmp_V_35_fu_768                    |  16|   0|   16|          0|
    |tmp_V_36_fu_776                    |  16|   0|   16|          0|
    |tmp_V_37_fu_780                    |  16|   0|   16|          0|
    |tmp_V_38_fu_788                    |  16|   0|   16|          0|
    |tmp_V_39_fu_800                    |  16|   0|   16|          0|
    |tmp_V_3_fu_508                     |  16|   0|   16|          0|
    |tmp_V_40_fu_804                    |  16|   0|   16|          0|
    |tmp_V_41_fu_812                    |  16|   0|   16|          0|
    |tmp_V_42_fu_824                    |  16|   0|   16|          0|
    |tmp_V_43_fu_828                    |  16|   0|   16|          0|
    |tmp_V_44_fu_836                    |  16|   0|   16|          0|
    |tmp_V_45_fu_848                    |  16|   0|   16|          0|
    |tmp_V_46_fu_852                    |  16|   0|   16|          0|
    |tmp_V_47_fu_860                    |  16|   0|   16|          0|
    |tmp_V_48_fu_872                    |  16|   0|   16|          0|
    |tmp_V_49_fu_876                    |  16|   0|   16|          0|
    |tmp_V_4_fu_516                     |  16|   0|   16|          0|
    |tmp_V_50_fu_884                    |  16|   0|   16|          0|
    |tmp_V_51_fu_896                    |  16|   0|   16|          0|
    |tmp_V_52_fu_900                    |  16|   0|   16|          0|
    |tmp_V_53_fu_908                    |  16|   0|   16|          0|
    |tmp_V_54_fu_920                    |  16|   0|   16|          0|
    |tmp_V_55_fu_924                    |  16|   0|   16|          0|
    |tmp_V_56_fu_932                    |  16|   0|   16|          0|
    |tmp_V_57_fu_944                    |  16|   0|   16|          0|
    |tmp_V_58_fu_948                    |  16|   0|   16|          0|
    |tmp_V_59_fu_956                    |  16|   0|   16|          0|
    |tmp_V_5_fu_528                     |  16|   0|   16|          0|
    |tmp_V_60_fu_968                    |  16|   0|   16|          0|
    |tmp_V_61_fu_972                    |  16|   0|   16|          0|
    |tmp_V_62_fu_980                    |  16|   0|   16|          0|
    |tmp_V_63_fu_992                    |  16|   0|   16|          0|
    |tmp_V_64_fu_996                    |  16|   0|   16|          0|
    |tmp_V_65_fu_1004                   |  16|   0|   16|          0|
    |tmp_V_66_fu_1016                   |  16|   0|   16|          0|
    |tmp_V_67_fu_1020                   |  16|   0|   16|          0|
    |tmp_V_68_fu_1028                   |  16|   0|   16|          0|
    |tmp_V_69_fu_1040                   |  16|   0|   16|          0|
    |tmp_V_6_fu_532                     |  16|   0|   16|          0|
    |tmp_V_70_fu_1052                   |  16|   0|   16|          0|
    |tmp_V_71_fu_1056                   |  16|   0|   16|          0|
    |tmp_V_72_fu_1064                   |  16|   0|   16|          0|
    |tmp_V_73_fu_1076                   |  16|   0|   16|          0|
    |tmp_V_74_fu_1080                   |  16|   0|   16|          0|
    |tmp_V_75_fu_1088                   |  16|   0|   16|          0|
    |tmp_V_76_fu_1100                   |  16|   0|   16|          0|
    |tmp_V_77_fu_1104                   |  16|   0|   16|          0|
    |tmp_V_78_fu_1112                   |  16|   0|   16|          0|
    |tmp_V_79_fu_1124                   |  16|   0|   16|          0|
    |tmp_V_7_fu_540                     |  16|   0|   16|          0|
    |tmp_V_80_fu_1128                   |  16|   0|   16|          0|
    |tmp_V_81_fu_1136                   |  16|   0|   16|          0|
    |tmp_V_82_fu_1148                   |  16|   0|   16|          0|
    |tmp_V_83_fu_1152                   |  16|   0|   16|          0|
    |tmp_V_84_fu_1160                   |  16|   0|   16|          0|
    |tmp_V_85_fu_1172                   |  16|   0|   16|          0|
    |tmp_V_86_fu_1176                   |  16|   0|   16|          0|
    |tmp_V_87_fu_1184                   |  16|   0|   16|          0|
    |tmp_V_88_fu_1196                   |  16|   0|   16|          0|
    |tmp_V_89_fu_1200                   |  16|   0|   16|          0|
    |tmp_V_8_fu_552                     |  16|   0|   16|          0|
    |tmp_V_90_fu_1208                   |  16|   0|   16|          0|
    |tmp_V_91_fu_1220                   |  16|   0|   16|          0|
    |tmp_V_92_fu_1224                   |  16|   0|   16|          0|
    |tmp_V_93_fu_1232                   |  16|   0|   16|          0|
    |tmp_V_94_fu_1244                   |  16|   0|   16|          0|
    |tmp_V_95_fu_1248                   |  16|   0|   16|          0|
    |tmp_V_96_fu_1256                   |  16|   0|   16|          0|
    |tmp_V_97_fu_1268                   |  16|   0|   16|          0|
    |tmp_V_98_fu_1272                   |  16|   0|   16|          0|
    |tmp_V_99_fu_1280                   |  16|   0|   16|          0|
    |tmp_V_9_fu_556                     |  16|   0|   16|          0|
    |tmp_V_reg_13757                    |  16|   0|   16|          0|
    |trunc_ln23_reg_13692               |   4|   0|    4|          0|
    |weight_V_addr_reg_13747            |  32|   0|   32|          0|
    |write_flag101_2_fu_1768            |   1|   0|    1|          0|
    |write_flag104_2_fu_1792            |   1|   0|    1|          0|
    |write_flag107_2_fu_1816            |   1|   0|    1|          0|
    |write_flag110_2_fu_1840            |   1|   0|    1|          0|
    |write_flag113_2_fu_1844            |   1|   0|    1|          0|
    |write_flag116_2_fu_1832            |   1|   0|    1|          0|
    |write_flag119_2_fu_1820            |   1|   0|    1|          0|
    |write_flag11_2_fu_1924             |   1|   0|    1|          0|
    |write_flag122_2_fu_1808            |   1|   0|    1|          0|
    |write_flag125_2_fu_1796            |   1|   0|    1|          0|
    |write_flag128_2_fu_1784            |   1|   0|    1|          0|
    |write_flag131_2_fu_1772            |   1|   0|    1|          0|
    |write_flag134_2_fu_1760            |   1|   0|    1|          0|
    |write_flag137_2_fu_1748            |   1|   0|    1|          0|
    |write_flag140_2_fu_1736            |   1|   0|    1|          0|
    |write_flag143_2_fu_1724            |   1|   0|    1|          0|
    |write_flag146_2_fu_1712            |   1|   0|    1|          0|
    |write_flag149_2_fu_1700            |   1|   0|    1|          0|
    |write_flag14_2_fu_1948             |   1|   0|    1|          0|
    |write_flag152_2_fu_1688            |   1|   0|    1|          0|
    |write_flag155_2_fu_1676            |   1|   0|    1|          0|
    |write_flag158_2_fu_1664            |   1|   0|    1|          0|
    |write_flag161_2_fu_1652            |   1|   0|    1|          0|
    |write_flag164_2_fu_1640            |   1|   0|    1|          0|
    |write_flag167_2_fu_1628            |   1|   0|    1|          0|
    |write_flag170_2_fu_1616            |   1|   0|    1|          0|
    |write_flag173_2_fu_1604            |   1|   0|    1|          0|
    |write_flag176_2_fu_1592            |   1|   0|    1|          0|
    |write_flag179_2_fu_1580            |   1|   0|    1|          0|
    |write_flag182_2_fu_1328            |   1|   0|    1|          0|
    |write_flag185_2_fu_1352            |   1|   0|    1|          0|
    |write_flag188_2_fu_1376            |   1|   0|    1|          0|
    |write_flag18_2_fu_1972             |   1|   0|    1|          0|
    |write_flag191_2_fu_1400            |   1|   0|    1|          0|
    |write_flag194_2_fu_1424            |   1|   0|    1|          0|
    |write_flag197_2_fu_1448            |   1|   0|    1|          0|
    |write_flag200_2_fu_1472            |   1|   0|    1|          0|
    |write_flag203_2_fu_1496            |   1|   0|    1|          0|
    |write_flag206_2_fu_1520            |   1|   0|    1|          0|
    |write_flag209_2_fu_1544            |   1|   0|    1|          0|
    |write_flag212_2_fu_1568            |   1|   0|    1|          0|
    |write_flag215_2_fu_1572            |   1|   0|    1|          0|
    |write_flag218_2_fu_1560            |   1|   0|    1|          0|
    |write_flag221_2_fu_1548            |   1|   0|    1|          0|
    |write_flag224_2_fu_1536            |   1|   0|    1|          0|
    |write_flag227_2_fu_1524            |   1|   0|    1|          0|
    |write_flag22_2_fu_1996             |   1|   0|    1|          0|
    |write_flag230_2_fu_1512            |   1|   0|    1|          0|
    |write_flag233_2_fu_1500            |   1|   0|    1|          0|
    |write_flag236_2_fu_1488            |   1|   0|    1|          0|
    |write_flag239_2_fu_1476            |   1|   0|    1|          0|
    |write_flag242_2_fu_1464            |   1|   0|    1|          0|
    |write_flag245_2_fu_1452            |   1|   0|    1|          0|
    |write_flag248_2_fu_1440            |   1|   0|    1|          0|
    |write_flag251_2_fu_1428            |   1|   0|    1|          0|
    |write_flag254_2_fu_1416            |   1|   0|    1|          0|
    |write_flag257_2_fu_1404            |   1|   0|    1|          0|
    |write_flag25_2_fu_2020             |   1|   0|    1|          0|
    |write_flag260_2_fu_1392            |   1|   0|    1|          0|
    |write_flag263_2_fu_1380            |   1|   0|    1|          0|
    |write_flag266_2_fu_1368            |   1|   0|    1|          0|
    |write_flag269_2_fu_1356            |   1|   0|    1|          0|
    |write_flag272_2_fu_1344            |   1|   0|    1|          0|
    |write_flag275_2_fu_1332            |   1|   0|    1|          0|
    |write_flag278_2_fu_1320            |   1|   0|    1|          0|
    |write_flag281_2_fu_1044            |   1|   0|    1|          0|
    |write_flag284_2_fu_1068            |   1|   0|    1|          0|
    |write_flag287_2_fu_1092            |   1|   0|    1|          0|
    |write_flag28_2_fu_2036             |   1|   0|    1|          0|
    |write_flag290_2_fu_1116            |   1|   0|    1|          0|
    |write_flag293_2_fu_1140            |   1|   0|    1|          0|
    |write_flag296_2_fu_1164            |   1|   0|    1|          0|
    |write_flag299_2_fu_1188            |   1|   0|    1|          0|
    |write_flag302_2_fu_1212            |   1|   0|    1|          0|
    |write_flag305_2_fu_1236            |   1|   0|    1|          0|
    |write_flag308_2_fu_1260            |   1|   0|    1|          0|
    |write_flag311_2_fu_1284            |   1|   0|    1|          0|
    |write_flag314_2_fu_1308            |   1|   0|    1|          0|
    |write_flag317_2_fu_1300            |   1|   0|    1|          0|
    |write_flag31_2_fu_2024             |   1|   0|    1|          0|
    |write_flag320_2_fu_1288            |   1|   0|    1|          0|
    |write_flag323_2_fu_1276            |   1|   0|    1|          0|
    |write_flag326_2_fu_1264            |   1|   0|    1|          0|
    |write_flag329_2_fu_1252            |   1|   0|    1|          0|
    |write_flag332_2_fu_1240            |   1|   0|    1|          0|
    |write_flag335_2_fu_1228            |   1|   0|    1|          0|
    |write_flag338_2_fu_1216            |   1|   0|    1|          0|
    |write_flag341_2_fu_1204            |   1|   0|    1|          0|
    |write_flag344_2_fu_1192            |   1|   0|    1|          0|
    |write_flag347_2_fu_1180            |   1|   0|    1|          0|
    |write_flag34_2_fu_2012             |   1|   0|    1|          0|
    |write_flag350_2_fu_1168            |   1|   0|    1|          0|
    |write_flag353_2_fu_1156            |   1|   0|    1|          0|
    |write_flag356_2_fu_1144            |   1|   0|    1|          0|
    |write_flag359_2_fu_1132            |   1|   0|    1|          0|
    |write_flag362_2_fu_1120            |   1|   0|    1|          0|
    |write_flag365_2_fu_1108            |   1|   0|    1|          0|
    |write_flag368_2_fu_1096            |   1|   0|    1|          0|
    |write_flag371_2_fu_1084            |   1|   0|    1|          0|
    |write_flag374_2_fu_1072            |   1|   0|    1|          0|
    |write_flag377_2_fu_1060            |   1|   0|    1|          0|
    |write_flag37_2_fu_2000             |   1|   0|    1|          0|
    |write_flag380_2_fu_1048            |   1|   0|    1|          0|
    |write_flag383_2_fu_792             |   1|   0|    1|          0|
    |write_flag386_2_fu_816             |   1|   0|    1|          0|
    |write_flag389_2_fu_840             |   1|   0|    1|          0|
    |write_flag392_2_fu_864             |   1|   0|    1|          0|
    |write_flag395_2_fu_888             |   1|   0|    1|          0|
    |write_flag398_2_fu_912             |   1|   0|    1|          0|
    |write_flag401_2_fu_936             |   1|   0|    1|          0|
    |write_flag404_2_fu_960             |   1|   0|    1|          0|
    |write_flag407_2_fu_984             |   1|   0|    1|          0|
    |write_flag40_2_fu_1988             |   1|   0|    1|          0|
    |write_flag410_2_fu_1008            |   1|   0|    1|          0|
    |write_flag413_2_fu_1032            |   1|   0|    1|          0|
    |write_flag416_2_fu_1036            |   1|   0|    1|          0|
    |write_flag419_2_fu_1024            |   1|   0|    1|          0|
    |write_flag422_2_fu_1012            |   1|   0|    1|          0|
    |write_flag425_2_fu_1000            |   1|   0|    1|          0|
    |write_flag428_2_fu_988             |   1|   0|    1|          0|
    |write_flag431_2_fu_976             |   1|   0|    1|          0|
    |write_flag434_2_fu_964             |   1|   0|    1|          0|
    |write_flag437_2_fu_952             |   1|   0|    1|          0|
    |write_flag43_2_fu_1976             |   1|   0|    1|          0|
    |write_flag440_2_fu_940             |   1|   0|    1|          0|
    |write_flag443_2_fu_928             |   1|   0|    1|          0|
    |write_flag446_2_fu_916             |   1|   0|    1|          0|
    |write_flag449_2_fu_904             |   1|   0|    1|          0|
    |write_flag452_2_fu_892             |   1|   0|    1|          0|
    |write_flag455_2_fu_880             |   1|   0|    1|          0|
    |write_flag458_2_fu_868             |   1|   0|    1|          0|
    |write_flag461_2_fu_856             |   1|   0|    1|          0|
    |write_flag464_2_fu_844             |   1|   0|    1|          0|
    |write_flag467_2_fu_832             |   1|   0|    1|          0|
    |write_flag46_2_fu_1964             |   1|   0|    1|          0|
    |write_flag470_2_fu_820             |   1|   0|    1|          0|
    |write_flag473_2_fu_808             |   1|   0|    1|          0|
    |write_flag476_2_fu_796             |   1|   0|    1|          0|
    |write_flag479_2_fu_784             |   1|   0|    1|          0|
    |write_flag482_2_fu_772             |   1|   0|    1|          0|
    |write_flag485_2_fu_520             |   1|   0|    1|          0|
    |write_flag488_2_fu_544             |   1|   0|    1|          0|
    |write_flag491_2_fu_568             |   1|   0|    1|          0|
    |write_flag494_2_fu_592             |   1|   0|    1|          0|
    |write_flag497_2_fu_616             |   1|   0|    1|          0|
    |write_flag49_2_fu_1952             |   1|   0|    1|          0|
    |write_flag4_2_fu_1876              |   1|   0|    1|          0|
    |write_flag500_2_fu_640             |   1|   0|    1|          0|
    |write_flag503_2_fu_664             |   1|   0|    1|          0|
    |write_flag506_2_fu_688             |   1|   0|    1|          0|
    |write_flag509_2_fu_712             |   1|   0|    1|          0|
    |write_flag512_2_fu_736             |   1|   0|    1|          0|
    |write_flag515_2_fu_760             |   1|   0|    1|          0|
    |write_flag518_2_fu_764             |   1|   0|    1|          0|
    |write_flag521_2_fu_752             |   1|   0|    1|          0|
    |write_flag524_2_fu_740             |   1|   0|    1|          0|
    |write_flag527_2_fu_728             |   1|   0|    1|          0|
    |write_flag52_2_fu_1940             |   1|   0|    1|          0|
    |write_flag530_2_fu_716             |   1|   0|    1|          0|
    |write_flag533_2_fu_704             |   1|   0|    1|          0|
    |write_flag536_2_fu_692             |   1|   0|    1|          0|
    |write_flag539_2_fu_680             |   1|   0|    1|          0|
    |write_flag542_2_fu_668             |   1|   0|    1|          0|
    |write_flag545_2_fu_656             |   1|   0|    1|          0|
    |write_flag548_2_fu_644             |   1|   0|    1|          0|
    |write_flag551_2_fu_632             |   1|   0|    1|          0|
    |write_flag554_2_fu_620             |   1|   0|    1|          0|
    |write_flag557_2_fu_608             |   1|   0|    1|          0|
    |write_flag55_2_fu_1928             |   1|   0|    1|          0|
    |write_flag560_2_fu_596             |   1|   0|    1|          0|
    |write_flag563_2_fu_584             |   1|   0|    1|          0|
    |write_flag566_2_fu_572             |   1|   0|    1|          0|
    |write_flag569_2_fu_560             |   1|   0|    1|          0|
    |write_flag572_2_fu_548             |   1|   0|    1|          0|
    |write_flag575_2_fu_536             |   1|   0|    1|          0|
    |write_flag578_2_fu_524             |   1|   0|    1|          0|
    |write_flag581_2_fu_512             |   1|   0|    1|          0|
    |write_flag59_2_fu_1916             |   1|   0|    1|          0|
    |write_flag63_2_fu_1904             |   1|   0|    1|          0|
    |write_flag66_2_fu_1892             |   1|   0|    1|          0|
    |write_flag69_2_fu_1880             |   1|   0|    1|          0|
    |write_flag72_2_fu_1868             |   1|   0|    1|          0|
    |write_flag75_2_fu_1856             |   1|   0|    1|          0|
    |write_flag78_2_fu_1600             |   1|   0|    1|          0|
    |write_flag81_2_fu_1624             |   1|   0|    1|          0|
    |write_flag84_2_fu_1648             |   1|   0|    1|          0|
    |write_flag88_2_fu_1672             |   1|   0|    1|          0|
    |write_flag8_2_fu_1900              |   1|   0|    1|          0|
    |write_flag92_2_fu_1696             |   1|   0|    1|          0|
    |write_flag95_2_fu_1720             |   1|   0|    1|          0|
    |write_flag98_2_fu_1744             |   1|   0|    1|          0|
    |write_flag_2_fu_1852               |   1|   0|    1|          0|
    |zext_ln23_2_reg_13652              |  31|   0|   34|          3|
    |icmp_ln23_reg_13662                |  64|  32|    1|          0|
    |select_ln24_1_reg_13742            |  64|  32|    1|          0|
    |select_ln24_2_reg_13728            |  64|  32|    2|          0|
    |select_ln24_reg_13724              |  64|  32|    2|          0|
    |trunc_ln23_reg_13692               |  64|  32|    4|          0|
    |weight_V_addr_reg_13747            |  64|  32|   32|          0|
    +-----------------------------------+----+----+-----+-----------+
    |Total                              |4001| 192| 3662|          3|
    +-----------------------------------+----+----+-----+-----------+



================================================================
== Interface
================================================================
* Summary: 
+-------------------------+-----+-----+------------+--------------------+--------------+
|        RTL Ports        | Dir | Bits|  Protocol  |    Source Object   |    C Type    |
+-------------------------+-----+-----+------------+--------------------+--------------+
|ap_clk                   |  in |    1| ap_ctrl_hs |     load_weight    | return value |
|ap_rst                   |  in |    1| ap_ctrl_hs |     load_weight    | return value |
|ap_start                 |  in |    1| ap_ctrl_hs |     load_weight    | return value |
|ap_done                  | out |    1| ap_ctrl_hs |     load_weight    | return value |
|ap_idle                  | out |    1| ap_ctrl_hs |     load_weight    | return value |
|ap_ready                 | out |    1| ap_ctrl_hs |     load_weight    | return value |
|ap_return_0              | out |   16| ap_ctrl_hs |     load_weight    | return value |
|ap_return_1              | out |   16| ap_ctrl_hs |     load_weight    | return value |
|ap_return_2              | out |   16| ap_ctrl_hs |     load_weight    | return value |
|ap_return_3              | out |   16| ap_ctrl_hs |     load_weight    | return value |
|ap_return_4              | out |   16| ap_ctrl_hs |     load_weight    | return value |
|ap_return_5              | out |   16| ap_ctrl_hs |     load_weight    | return value |
|ap_return_6              | out |   16| ap_ctrl_hs |     load_weight    | return value |
|ap_return_7              | out |   16| ap_ctrl_hs |     load_weight    | return value |
|ap_return_8              | out |   16| ap_ctrl_hs |     load_weight    | return value |
|ap_return_9              | out |   16| ap_ctrl_hs |     load_weight    | return value |
|ap_return_10             | out |   16| ap_ctrl_hs |     load_weight    | return value |
|ap_return_11             | out |   16| ap_ctrl_hs |     load_weight    | return value |
|ap_return_12             | out |   16| ap_ctrl_hs |     load_weight    | return value |
|ap_return_13             | out |   16| ap_ctrl_hs |     load_weight    | return value |
|ap_return_14             | out |   16| ap_ctrl_hs |     load_weight    | return value |
|ap_return_15             | out |   16| ap_ctrl_hs |     load_weight    | return value |
|ap_return_16             | out |   16| ap_ctrl_hs |     load_weight    | return value |
|ap_return_17             | out |   16| ap_ctrl_hs |     load_weight    | return value |
|ap_return_18             | out |   16| ap_ctrl_hs |     load_weight    | return value |
|ap_return_19             | out |   16| ap_ctrl_hs |     load_weight    | return value |
|ap_return_20             | out |   16| ap_ctrl_hs |     load_weight    | return value |
|ap_return_21             | out |   16| ap_ctrl_hs |     load_weight    | return value |
|ap_return_22             | out |   16| ap_ctrl_hs |     load_weight    | return value |
|ap_return_23             | out |   16| ap_ctrl_hs |     load_weight    | return value |
|ap_return_24             | out |   16| ap_ctrl_hs |     load_weight    | return value |
|ap_return_25             | out |   16| ap_ctrl_hs |     load_weight    | return value |
|ap_return_26             | out |   16| ap_ctrl_hs |     load_weight    | return value |
|ap_return_27             | out |   16| ap_ctrl_hs |     load_weight    | return value |
|ap_return_28             | out |   16| ap_ctrl_hs |     load_weight    | return value |
|ap_return_29             | out |   16| ap_ctrl_hs |     load_weight    | return value |
|ap_return_30             | out |   16| ap_ctrl_hs |     load_weight    | return value |
|ap_return_31             | out |   16| ap_ctrl_hs |     load_weight    | return value |
|ap_return_32             | out |   16| ap_ctrl_hs |     load_weight    | return value |
|ap_return_33             | out |   16| ap_ctrl_hs |     load_weight    | return value |
|ap_return_34             | out |   16| ap_ctrl_hs |     load_weight    | return value |
|ap_return_35             | out |   16| ap_ctrl_hs |     load_weight    | return value |
|ap_return_36             | out |   16| ap_ctrl_hs |     load_weight    | return value |
|ap_return_37             | out |   16| ap_ctrl_hs |     load_weight    | return value |
|ap_return_38             | out |   16| ap_ctrl_hs |     load_weight    | return value |
|ap_return_39             | out |   16| ap_ctrl_hs |     load_weight    | return value |
|ap_return_40             | out |   16| ap_ctrl_hs |     load_weight    | return value |
|ap_return_41             | out |   16| ap_ctrl_hs |     load_weight    | return value |
|ap_return_42             | out |   16| ap_ctrl_hs |     load_weight    | return value |
|ap_return_43             | out |   16| ap_ctrl_hs |     load_weight    | return value |
|ap_return_44             | out |   16| ap_ctrl_hs |     load_weight    | return value |
|ap_return_45             | out |   16| ap_ctrl_hs |     load_weight    | return value |
|ap_return_46             | out |   16| ap_ctrl_hs |     load_weight    | return value |
|ap_return_47             | out |   16| ap_ctrl_hs |     load_weight    | return value |
|ap_return_48             | out |   16| ap_ctrl_hs |     load_weight    | return value |
|ap_return_49             | out |   16| ap_ctrl_hs |     load_weight    | return value |
|ap_return_50             | out |   16| ap_ctrl_hs |     load_weight    | return value |
|ap_return_51             | out |   16| ap_ctrl_hs |     load_weight    | return value |
|ap_return_52             | out |   16| ap_ctrl_hs |     load_weight    | return value |
|ap_return_53             | out |   16| ap_ctrl_hs |     load_weight    | return value |
|ap_return_54             | out |   16| ap_ctrl_hs |     load_weight    | return value |
|ap_return_55             | out |   16| ap_ctrl_hs |     load_weight    | return value |
|ap_return_56             | out |   16| ap_ctrl_hs |     load_weight    | return value |
|ap_return_57             | out |   16| ap_ctrl_hs |     load_weight    | return value |
|ap_return_58             | out |   16| ap_ctrl_hs |     load_weight    | return value |
|ap_return_59             | out |   16| ap_ctrl_hs |     load_weight    | return value |
|ap_return_60             | out |   16| ap_ctrl_hs |     load_weight    | return value |
|ap_return_61             | out |   16| ap_ctrl_hs |     load_weight    | return value |
|ap_return_62             | out |   16| ap_ctrl_hs |     load_weight    | return value |
|ap_return_63             | out |   16| ap_ctrl_hs |     load_weight    | return value |
|ap_return_64             | out |   16| ap_ctrl_hs |     load_weight    | return value |
|ap_return_65             | out |   16| ap_ctrl_hs |     load_weight    | return value |
|ap_return_66             | out |   16| ap_ctrl_hs |     load_weight    | return value |
|ap_return_67             | out |   16| ap_ctrl_hs |     load_weight    | return value |
|ap_return_68             | out |   16| ap_ctrl_hs |     load_weight    | return value |
|ap_return_69             | out |   16| ap_ctrl_hs |     load_weight    | return value |
|ap_return_70             | out |   16| ap_ctrl_hs |     load_weight    | return value |
|ap_return_71             | out |   16| ap_ctrl_hs |     load_weight    | return value |
|ap_return_72             | out |   16| ap_ctrl_hs |     load_weight    | return value |
|ap_return_73             | out |   16| ap_ctrl_hs |     load_weight    | return value |
|ap_return_74             | out |   16| ap_ctrl_hs |     load_weight    | return value |
|ap_return_75             | out |   16| ap_ctrl_hs |     load_weight    | return value |
|ap_return_76             | out |   16| ap_ctrl_hs |     load_weight    | return value |
|ap_return_77             | out |   16| ap_ctrl_hs |     load_weight    | return value |
|ap_return_78             | out |   16| ap_ctrl_hs |     load_weight    | return value |
|ap_return_79             | out |   16| ap_ctrl_hs |     load_weight    | return value |
|ap_return_80             | out |   16| ap_ctrl_hs |     load_weight    | return value |
|ap_return_81             | out |   16| ap_ctrl_hs |     load_weight    | return value |
|ap_return_82             | out |   16| ap_ctrl_hs |     load_weight    | return value |
|ap_return_83             | out |   16| ap_ctrl_hs |     load_weight    | return value |
|ap_return_84             | out |   16| ap_ctrl_hs |     load_weight    | return value |
|ap_return_85             | out |   16| ap_ctrl_hs |     load_weight    | return value |
|ap_return_86             | out |   16| ap_ctrl_hs |     load_weight    | return value |
|ap_return_87             | out |   16| ap_ctrl_hs |     load_weight    | return value |
|ap_return_88             | out |   16| ap_ctrl_hs |     load_weight    | return value |
|ap_return_89             | out |   16| ap_ctrl_hs |     load_weight    | return value |
|ap_return_90             | out |   16| ap_ctrl_hs |     load_weight    | return value |
|ap_return_91             | out |   16| ap_ctrl_hs |     load_weight    | return value |
|ap_return_92             | out |   16| ap_ctrl_hs |     load_weight    | return value |
|ap_return_93             | out |   16| ap_ctrl_hs |     load_weight    | return value |
|ap_return_94             | out |   16| ap_ctrl_hs |     load_weight    | return value |
|ap_return_95             | out |   16| ap_ctrl_hs |     load_weight    | return value |
|ap_return_96             | out |   16| ap_ctrl_hs |     load_weight    | return value |
|ap_return_97             | out |   16| ap_ctrl_hs |     load_weight    | return value |
|ap_return_98             | out |   16| ap_ctrl_hs |     load_weight    | return value |
|ap_return_99             | out |   16| ap_ctrl_hs |     load_weight    | return value |
|ap_return_100            | out |   16| ap_ctrl_hs |     load_weight    | return value |
|ap_return_101            | out |   16| ap_ctrl_hs |     load_weight    | return value |
|ap_return_102            | out |   16| ap_ctrl_hs |     load_weight    | return value |
|ap_return_103            | out |   16| ap_ctrl_hs |     load_weight    | return value |
|ap_return_104            | out |   16| ap_ctrl_hs |     load_weight    | return value |
|ap_return_105            | out |   16| ap_ctrl_hs |     load_weight    | return value |
|ap_return_106            | out |   16| ap_ctrl_hs |     load_weight    | return value |
|ap_return_107            | out |   16| ap_ctrl_hs |     load_weight    | return value |
|ap_return_108            | out |   16| ap_ctrl_hs |     load_weight    | return value |
|ap_return_109            | out |   16| ap_ctrl_hs |     load_weight    | return value |
|ap_return_110            | out |   16| ap_ctrl_hs |     load_weight    | return value |
|ap_return_111            | out |   16| ap_ctrl_hs |     load_weight    | return value |
|ap_return_112            | out |   16| ap_ctrl_hs |     load_weight    | return value |
|ap_return_113            | out |   16| ap_ctrl_hs |     load_weight    | return value |
|ap_return_114            | out |   16| ap_ctrl_hs |     load_weight    | return value |
|ap_return_115            | out |   16| ap_ctrl_hs |     load_weight    | return value |
|ap_return_116            | out |   16| ap_ctrl_hs |     load_weight    | return value |
|ap_return_117            | out |   16| ap_ctrl_hs |     load_weight    | return value |
|ap_return_118            | out |   16| ap_ctrl_hs |     load_weight    | return value |
|ap_return_119            | out |   16| ap_ctrl_hs |     load_weight    | return value |
|ap_return_120            | out |   16| ap_ctrl_hs |     load_weight    | return value |
|ap_return_121            | out |   16| ap_ctrl_hs |     load_weight    | return value |
|ap_return_122            | out |   16| ap_ctrl_hs |     load_weight    | return value |
|ap_return_123            | out |   16| ap_ctrl_hs |     load_weight    | return value |
|ap_return_124            | out |   16| ap_ctrl_hs |     load_weight    | return value |
|ap_return_125            | out |   16| ap_ctrl_hs |     load_weight    | return value |
|ap_return_126            | out |   16| ap_ctrl_hs |     load_weight    | return value |
|ap_return_127            | out |   16| ap_ctrl_hs |     load_weight    | return value |
|ap_return_128            | out |   16| ap_ctrl_hs |     load_weight    | return value |
|ap_return_129            | out |   16| ap_ctrl_hs |     load_weight    | return value |
|ap_return_130            | out |   16| ap_ctrl_hs |     load_weight    | return value |
|ap_return_131            | out |   16| ap_ctrl_hs |     load_weight    | return value |
|ap_return_132            | out |   16| ap_ctrl_hs |     load_weight    | return value |
|ap_return_133            | out |   16| ap_ctrl_hs |     load_weight    | return value |
|ap_return_134            | out |   16| ap_ctrl_hs |     load_weight    | return value |
|ap_return_135            | out |   16| ap_ctrl_hs |     load_weight    | return value |
|ap_return_136            | out |   16| ap_ctrl_hs |     load_weight    | return value |
|ap_return_137            | out |   16| ap_ctrl_hs |     load_weight    | return value |
|ap_return_138            | out |   16| ap_ctrl_hs |     load_weight    | return value |
|ap_return_139            | out |   16| ap_ctrl_hs |     load_weight    | return value |
|ap_return_140            | out |   16| ap_ctrl_hs |     load_weight    | return value |
|ap_return_141            | out |   16| ap_ctrl_hs |     load_weight    | return value |
|ap_return_142            | out |   16| ap_ctrl_hs |     load_weight    | return value |
|ap_return_143            | out |   16| ap_ctrl_hs |     load_weight    | return value |
|ap_return_144            | out |   16| ap_ctrl_hs |     load_weight    | return value |
|ap_return_145            | out |   16| ap_ctrl_hs |     load_weight    | return value |
|ap_return_146            | out |   16| ap_ctrl_hs |     load_weight    | return value |
|ap_return_147            | out |   16| ap_ctrl_hs |     load_weight    | return value |
|ap_return_148            | out |   16| ap_ctrl_hs |     load_weight    | return value |
|ap_return_149            | out |   16| ap_ctrl_hs |     load_weight    | return value |
|ap_return_150            | out |   16| ap_ctrl_hs |     load_weight    | return value |
|ap_return_151            | out |   16| ap_ctrl_hs |     load_weight    | return value |
|ap_return_152            | out |   16| ap_ctrl_hs |     load_weight    | return value |
|ap_return_153            | out |   16| ap_ctrl_hs |     load_weight    | return value |
|ap_return_154            | out |   16| ap_ctrl_hs |     load_weight    | return value |
|ap_return_155            | out |   16| ap_ctrl_hs |     load_weight    | return value |
|ap_return_156            | out |   16| ap_ctrl_hs |     load_weight    | return value |
|ap_return_157            | out |   16| ap_ctrl_hs |     load_weight    | return value |
|ap_return_158            | out |   16| ap_ctrl_hs |     load_weight    | return value |
|ap_return_159            | out |   16| ap_ctrl_hs |     load_weight    | return value |
|ap_return_160            | out |   16| ap_ctrl_hs |     load_weight    | return value |
|ap_return_161            | out |   16| ap_ctrl_hs |     load_weight    | return value |
|ap_return_162            | out |   16| ap_ctrl_hs |     load_weight    | return value |
|ap_return_163            | out |   16| ap_ctrl_hs |     load_weight    | return value |
|ap_return_164            | out |   16| ap_ctrl_hs |     load_weight    | return value |
|ap_return_165            | out |   16| ap_ctrl_hs |     load_weight    | return value |
|ap_return_166            | out |   16| ap_ctrl_hs |     load_weight    | return value |
|ap_return_167            | out |   16| ap_ctrl_hs |     load_weight    | return value |
|ap_return_168            | out |   16| ap_ctrl_hs |     load_weight    | return value |
|ap_return_169            | out |   16| ap_ctrl_hs |     load_weight    | return value |
|ap_return_170            | out |   16| ap_ctrl_hs |     load_weight    | return value |
|ap_return_171            | out |   16| ap_ctrl_hs |     load_weight    | return value |
|ap_return_172            | out |   16| ap_ctrl_hs |     load_weight    | return value |
|ap_return_173            | out |   16| ap_ctrl_hs |     load_weight    | return value |
|ap_return_174            | out |   16| ap_ctrl_hs |     load_weight    | return value |
|ap_return_175            | out |   16| ap_ctrl_hs |     load_weight    | return value |
|ap_return_176            | out |   16| ap_ctrl_hs |     load_weight    | return value |
|ap_return_177            | out |   16| ap_ctrl_hs |     load_weight    | return value |
|ap_return_178            | out |   16| ap_ctrl_hs |     load_weight    | return value |
|ap_return_179            | out |   16| ap_ctrl_hs |     load_weight    | return value |
|ap_return_180            | out |   16| ap_ctrl_hs |     load_weight    | return value |
|ap_return_181            | out |   16| ap_ctrl_hs |     load_weight    | return value |
|ap_return_182            | out |   16| ap_ctrl_hs |     load_weight    | return value |
|ap_return_183            | out |   16| ap_ctrl_hs |     load_weight    | return value |
|ap_return_184            | out |   16| ap_ctrl_hs |     load_weight    | return value |
|ap_return_185            | out |   16| ap_ctrl_hs |     load_weight    | return value |
|ap_return_186            | out |   16| ap_ctrl_hs |     load_weight    | return value |
|ap_return_187            | out |   16| ap_ctrl_hs |     load_weight    | return value |
|ap_return_188            | out |   16| ap_ctrl_hs |     load_weight    | return value |
|ap_return_189            | out |   16| ap_ctrl_hs |     load_weight    | return value |
|ap_return_190            | out |   16| ap_ctrl_hs |     load_weight    | return value |
|ap_return_191            | out |   16| ap_ctrl_hs |     load_weight    | return value |
|m_axi_weight_V_AWVALID   | out |    1|    m_axi   |      weight_V      |    pointer   |
|m_axi_weight_V_AWREADY   |  in |    1|    m_axi   |      weight_V      |    pointer   |
|m_axi_weight_V_AWADDR    | out |   32|    m_axi   |      weight_V      |    pointer   |
|m_axi_weight_V_AWID      | out |    1|    m_axi   |      weight_V      |    pointer   |
|m_axi_weight_V_AWLEN     | out |   32|    m_axi   |      weight_V      |    pointer   |
|m_axi_weight_V_AWSIZE    | out |    3|    m_axi   |      weight_V      |    pointer   |
|m_axi_weight_V_AWBURST   | out |    2|    m_axi   |      weight_V      |    pointer   |
|m_axi_weight_V_AWLOCK    | out |    2|    m_axi   |      weight_V      |    pointer   |
|m_axi_weight_V_AWCACHE   | out |    4|    m_axi   |      weight_V      |    pointer   |
|m_axi_weight_V_AWPROT    | out |    3|    m_axi   |      weight_V      |    pointer   |
|m_axi_weight_V_AWQOS     | out |    4|    m_axi   |      weight_V      |    pointer   |
|m_axi_weight_V_AWREGION  | out |    4|    m_axi   |      weight_V      |    pointer   |
|m_axi_weight_V_AWUSER    | out |    1|    m_axi   |      weight_V      |    pointer   |
|m_axi_weight_V_WVALID    | out |    1|    m_axi   |      weight_V      |    pointer   |
|m_axi_weight_V_WREADY    |  in |    1|    m_axi   |      weight_V      |    pointer   |
|m_axi_weight_V_WDATA     | out |   16|    m_axi   |      weight_V      |    pointer   |
|m_axi_weight_V_WSTRB     | out |    2|    m_axi   |      weight_V      |    pointer   |
|m_axi_weight_V_WLAST     | out |    1|    m_axi   |      weight_V      |    pointer   |
|m_axi_weight_V_WID       | out |    1|    m_axi   |      weight_V      |    pointer   |
|m_axi_weight_V_WUSER     | out |    1|    m_axi   |      weight_V      |    pointer   |
|m_axi_weight_V_ARVALID   | out |    1|    m_axi   |      weight_V      |    pointer   |
|m_axi_weight_V_ARREADY   |  in |    1|    m_axi   |      weight_V      |    pointer   |
|m_axi_weight_V_ARADDR    | out |   32|    m_axi   |      weight_V      |    pointer   |
|m_axi_weight_V_ARID      | out |    1|    m_axi   |      weight_V      |    pointer   |
|m_axi_weight_V_ARLEN     | out |   32|    m_axi   |      weight_V      |    pointer   |
|m_axi_weight_V_ARSIZE    | out |    3|    m_axi   |      weight_V      |    pointer   |
|m_axi_weight_V_ARBURST   | out |    2|    m_axi   |      weight_V      |    pointer   |
|m_axi_weight_V_ARLOCK    | out |    2|    m_axi   |      weight_V      |    pointer   |
|m_axi_weight_V_ARCACHE   | out |    4|    m_axi   |      weight_V      |    pointer   |
|m_axi_weight_V_ARPROT    | out |    3|    m_axi   |      weight_V      |    pointer   |
|m_axi_weight_V_ARQOS     | out |    4|    m_axi   |      weight_V      |    pointer   |
|m_axi_weight_V_ARREGION  | out |    4|    m_axi   |      weight_V      |    pointer   |
|m_axi_weight_V_ARUSER    | out |    1|    m_axi   |      weight_V      |    pointer   |
|m_axi_weight_V_RVALID    |  in |    1|    m_axi   |      weight_V      |    pointer   |
|m_axi_weight_V_RREADY    | out |    1|    m_axi   |      weight_V      |    pointer   |
|m_axi_weight_V_RDATA     |  in |   16|    m_axi   |      weight_V      |    pointer   |
|m_axi_weight_V_RLAST     |  in |    1|    m_axi   |      weight_V      |    pointer   |
|m_axi_weight_V_RID       |  in |    1|    m_axi   |      weight_V      |    pointer   |
|m_axi_weight_V_RUSER     |  in |    1|    m_axi   |      weight_V      |    pointer   |
|m_axi_weight_V_RRESP     |  in |    2|    m_axi   |      weight_V      |    pointer   |
|m_axi_weight_V_BVALID    |  in |    1|    m_axi   |      weight_V      |    pointer   |
|m_axi_weight_V_BREADY    | out |    1|    m_axi   |      weight_V      |    pointer   |
|m_axi_weight_V_BRESP     |  in |    2|    m_axi   |      weight_V      |    pointer   |
|m_axi_weight_V_BID       |  in |    1|    m_axi   |      weight_V      |    pointer   |
|m_axi_weight_V_BUSER     |  in |    1|    m_axi   |      weight_V      |    pointer   |
|weight_V_offset          |  in |   31|   ap_none  |   weight_V_offset  |    scalar    |
|wt_buff_0_0_0_V_r        |  in |   16|   ap_none  |  wt_buff_0_0_0_V_r |    scalar    |
|wt_buff_0_0_1_V_r        |  in |   16|   ap_none  |  wt_buff_0_0_1_V_r |    scalar    |
|wt_buff_0_0_2_V_r        |  in |   16|   ap_none  |  wt_buff_0_0_2_V_r |    scalar    |
|wt_buff_0_1_0_V_r        |  in |   16|   ap_none  |  wt_buff_0_1_0_V_r |    scalar    |
|wt_buff_0_1_1_V_r        |  in |   16|   ap_none  |  wt_buff_0_1_1_V_r |    scalar    |
|wt_buff_0_1_2_V_r        |  in |   16|   ap_none  |  wt_buff_0_1_2_V_r |    scalar    |
|wt_buff_0_2_0_V_r        |  in |   16|   ap_none  |  wt_buff_0_2_0_V_r |    scalar    |
|wt_buff_0_2_1_V_r        |  in |   16|   ap_none  |  wt_buff_0_2_1_V_r |    scalar    |
|wt_buff_0_2_2_V_r        |  in |   16|   ap_none  |  wt_buff_0_2_2_V_r |    scalar    |
|wt_buff_0_3_0_V_r        |  in |   16|   ap_none  |  wt_buff_0_3_0_V_r |    scalar    |
|wt_buff_0_3_1_V_r        |  in |   16|   ap_none  |  wt_buff_0_3_1_V_r |    scalar    |
|wt_buff_0_3_2_V_r        |  in |   16|   ap_none  |  wt_buff_0_3_2_V_r |    scalar    |
|wt_buff_1_0_0_V_r        |  in |   16|   ap_none  |  wt_buff_1_0_0_V_r |    scalar    |
|wt_buff_1_0_1_V_r        |  in |   16|   ap_none  |  wt_buff_1_0_1_V_r |    scalar    |
|wt_buff_1_0_2_V_r        |  in |   16|   ap_none  |  wt_buff_1_0_2_V_r |    scalar    |
|wt_buff_1_1_0_V_r        |  in |   16|   ap_none  |  wt_buff_1_1_0_V_r |    scalar    |
|wt_buff_1_1_1_V_r        |  in |   16|   ap_none  |  wt_buff_1_1_1_V_r |    scalar    |
|wt_buff_1_1_2_V_r        |  in |   16|   ap_none  |  wt_buff_1_1_2_V_r |    scalar    |
|wt_buff_1_2_0_V_r        |  in |   16|   ap_none  |  wt_buff_1_2_0_V_r |    scalar    |
|wt_buff_1_2_1_V_r        |  in |   16|   ap_none  |  wt_buff_1_2_1_V_r |    scalar    |
|wt_buff_1_2_2_V_r        |  in |   16|   ap_none  |  wt_buff_1_2_2_V_r |    scalar    |
|wt_buff_1_3_0_V_r        |  in |   16|   ap_none  |  wt_buff_1_3_0_V_r |    scalar    |
|wt_buff_1_3_1_V_r        |  in |   16|   ap_none  |  wt_buff_1_3_1_V_r |    scalar    |
|wt_buff_1_3_2_V_r        |  in |   16|   ap_none  |  wt_buff_1_3_2_V_r |    scalar    |
|wt_buff_2_0_0_V_r        |  in |   16|   ap_none  |  wt_buff_2_0_0_V_r |    scalar    |
|wt_buff_2_0_1_V_r        |  in |   16|   ap_none  |  wt_buff_2_0_1_V_r |    scalar    |
|wt_buff_2_0_2_V_r        |  in |   16|   ap_none  |  wt_buff_2_0_2_V_r |    scalar    |
|wt_buff_2_1_0_V_r        |  in |   16|   ap_none  |  wt_buff_2_1_0_V_r |    scalar    |
|wt_buff_2_1_1_V_r        |  in |   16|   ap_none  |  wt_buff_2_1_1_V_r |    scalar    |
|wt_buff_2_1_2_V_r        |  in |   16|   ap_none  |  wt_buff_2_1_2_V_r |    scalar    |
|wt_buff_2_2_0_V_r        |  in |   16|   ap_none  |  wt_buff_2_2_0_V_r |    scalar    |
|wt_buff_2_2_1_V_r        |  in |   16|   ap_none  |  wt_buff_2_2_1_V_r |    scalar    |
|wt_buff_2_2_2_V_r        |  in |   16|   ap_none  |  wt_buff_2_2_2_V_r |    scalar    |
|wt_buff_2_3_0_V_r        |  in |   16|   ap_none  |  wt_buff_2_3_0_V_r |    scalar    |
|wt_buff_2_3_1_V_r        |  in |   16|   ap_none  |  wt_buff_2_3_1_V_r |    scalar    |
|wt_buff_2_3_2_V_r        |  in |   16|   ap_none  |  wt_buff_2_3_2_V_r |    scalar    |
|wt_buff_3_0_0_V_r        |  in |   16|   ap_none  |  wt_buff_3_0_0_V_r |    scalar    |
|wt_buff_3_0_1_V_r        |  in |   16|   ap_none  |  wt_buff_3_0_1_V_r |    scalar    |
|wt_buff_3_0_2_V_r        |  in |   16|   ap_none  |  wt_buff_3_0_2_V_r |    scalar    |
|wt_buff_3_1_0_V_r        |  in |   16|   ap_none  |  wt_buff_3_1_0_V_r |    scalar    |
|wt_buff_3_1_1_V_r        |  in |   16|   ap_none  |  wt_buff_3_1_1_V_r |    scalar    |
|wt_buff_3_1_2_V_r        |  in |   16|   ap_none  |  wt_buff_3_1_2_V_r |    scalar    |
|wt_buff_3_2_0_V_r        |  in |   16|   ap_none  |  wt_buff_3_2_0_V_r |    scalar    |
|wt_buff_3_2_1_V_r        |  in |   16|   ap_none  |  wt_buff_3_2_1_V_r |    scalar    |
|wt_buff_3_2_2_V_r        |  in |   16|   ap_none  |  wt_buff_3_2_2_V_r |    scalar    |
|wt_buff_3_3_0_V_r        |  in |   16|   ap_none  |  wt_buff_3_3_0_V_r |    scalar    |
|wt_buff_3_3_1_V_r        |  in |   16|   ap_none  |  wt_buff_3_3_1_V_r |    scalar    |
|wt_buff_3_3_2_V_r        |  in |   16|   ap_none  |  wt_buff_3_3_2_V_r |    scalar    |
|wt_buff_4_0_0_V_r        |  in |   16|   ap_none  |  wt_buff_4_0_0_V_r |    scalar    |
|wt_buff_4_0_1_V_r        |  in |   16|   ap_none  |  wt_buff_4_0_1_V_r |    scalar    |
|wt_buff_4_0_2_V_r        |  in |   16|   ap_none  |  wt_buff_4_0_2_V_r |    scalar    |
|wt_buff_4_1_0_V_r        |  in |   16|   ap_none  |  wt_buff_4_1_0_V_r |    scalar    |
|wt_buff_4_1_1_V_r        |  in |   16|   ap_none  |  wt_buff_4_1_1_V_r |    scalar    |
|wt_buff_4_1_2_V_r        |  in |   16|   ap_none  |  wt_buff_4_1_2_V_r |    scalar    |
|wt_buff_4_2_0_V_r        |  in |   16|   ap_none  |  wt_buff_4_2_0_V_r |    scalar    |
|wt_buff_4_2_1_V_r        |  in |   16|   ap_none  |  wt_buff_4_2_1_V_r |    scalar    |
|wt_buff_4_2_2_V_r        |  in |   16|   ap_none  |  wt_buff_4_2_2_V_r |    scalar    |
|wt_buff_4_3_0_V_r        |  in |   16|   ap_none  |  wt_buff_4_3_0_V_r |    scalar    |
|wt_buff_4_3_1_V_r        |  in |   16|   ap_none  |  wt_buff_4_3_1_V_r |    scalar    |
|wt_buff_4_3_2_V_r        |  in |   16|   ap_none  |  wt_buff_4_3_2_V_r |    scalar    |
|wt_buff_5_0_0_V_r        |  in |   16|   ap_none  |  wt_buff_5_0_0_V_r |    scalar    |
|wt_buff_5_0_1_V_r        |  in |   16|   ap_none  |  wt_buff_5_0_1_V_r |    scalar    |
|wt_buff_5_0_2_V_r        |  in |   16|   ap_none  |  wt_buff_5_0_2_V_r |    scalar    |
|wt_buff_5_1_0_V_r        |  in |   16|   ap_none  |  wt_buff_5_1_0_V_r |    scalar    |
|wt_buff_5_1_1_V_r        |  in |   16|   ap_none  |  wt_buff_5_1_1_V_r |    scalar    |
|wt_buff_5_1_2_V_r        |  in |   16|   ap_none  |  wt_buff_5_1_2_V_r |    scalar    |
|wt_buff_5_2_0_V_r        |  in |   16|   ap_none  |  wt_buff_5_2_0_V_r |    scalar    |
|wt_buff_5_2_1_V_r        |  in |   16|   ap_none  |  wt_buff_5_2_1_V_r |    scalar    |
|wt_buff_5_2_2_V_r        |  in |   16|   ap_none  |  wt_buff_5_2_2_V_r |    scalar    |
|wt_buff_5_3_0_V_r        |  in |   16|   ap_none  |  wt_buff_5_3_0_V_r |    scalar    |
|wt_buff_5_3_1_V_r        |  in |   16|   ap_none  |  wt_buff_5_3_1_V_r |    scalar    |
|wt_buff_5_3_2_V_r        |  in |   16|   ap_none  |  wt_buff_5_3_2_V_r |    scalar    |
|wt_buff_6_0_0_V_r        |  in |   16|   ap_none  |  wt_buff_6_0_0_V_r |    scalar    |
|wt_buff_6_0_1_V_r        |  in |   16|   ap_none  |  wt_buff_6_0_1_V_r |    scalar    |
|wt_buff_6_0_2_V_r        |  in |   16|   ap_none  |  wt_buff_6_0_2_V_r |    scalar    |
|wt_buff_6_1_0_V_r        |  in |   16|   ap_none  |  wt_buff_6_1_0_V_r |    scalar    |
|wt_buff_6_1_1_V_r        |  in |   16|   ap_none  |  wt_buff_6_1_1_V_r |    scalar    |
|wt_buff_6_1_2_V_r        |  in |   16|   ap_none  |  wt_buff_6_1_2_V_r |    scalar    |
|wt_buff_6_2_0_V_r        |  in |   16|   ap_none  |  wt_buff_6_2_0_V_r |    scalar    |
|wt_buff_6_2_1_V_r        |  in |   16|   ap_none  |  wt_buff_6_2_1_V_r |    scalar    |
|wt_buff_6_2_2_V_r        |  in |   16|   ap_none  |  wt_buff_6_2_2_V_r |    scalar    |
|wt_buff_6_3_0_V_r        |  in |   16|   ap_none  |  wt_buff_6_3_0_V_r |    scalar    |
|wt_buff_6_3_1_V_r        |  in |   16|   ap_none  |  wt_buff_6_3_1_V_r |    scalar    |
|wt_buff_6_3_2_V_r        |  in |   16|   ap_none  |  wt_buff_6_3_2_V_r |    scalar    |
|wt_buff_7_0_0_V_r        |  in |   16|   ap_none  |  wt_buff_7_0_0_V_r |    scalar    |
|wt_buff_7_0_1_V_r        |  in |   16|   ap_none  |  wt_buff_7_0_1_V_r |    scalar    |
|wt_buff_7_0_2_V_r        |  in |   16|   ap_none  |  wt_buff_7_0_2_V_r |    scalar    |
|wt_buff_7_1_0_V_r        |  in |   16|   ap_none  |  wt_buff_7_1_0_V_r |    scalar    |
|wt_buff_7_1_1_V_r        |  in |   16|   ap_none  |  wt_buff_7_1_1_V_r |    scalar    |
|wt_buff_7_1_2_V_r        |  in |   16|   ap_none  |  wt_buff_7_1_2_V_r |    scalar    |
|wt_buff_7_2_0_V_r        |  in |   16|   ap_none  |  wt_buff_7_2_0_V_r |    scalar    |
|wt_buff_7_2_1_V_r        |  in |   16|   ap_none  |  wt_buff_7_2_1_V_r |    scalar    |
|wt_buff_7_2_2_V_r        |  in |   16|   ap_none  |  wt_buff_7_2_2_V_r |    scalar    |
|wt_buff_7_3_0_V_r        |  in |   16|   ap_none  |  wt_buff_7_3_0_V_r |    scalar    |
|wt_buff_7_3_1_V_r        |  in |   16|   ap_none  |  wt_buff_7_3_1_V_r |    scalar    |
|wt_buff_7_3_2_V_r        |  in |   16|   ap_none  |  wt_buff_7_3_2_V_r |    scalar    |
|wt_buff_8_0_0_V_r        |  in |   16|   ap_none  |  wt_buff_8_0_0_V_r |    scalar    |
|wt_buff_8_0_1_V_r        |  in |   16|   ap_none  |  wt_buff_8_0_1_V_r |    scalar    |
|wt_buff_8_0_2_V_r        |  in |   16|   ap_none  |  wt_buff_8_0_2_V_r |    scalar    |
|wt_buff_8_1_0_V_r        |  in |   16|   ap_none  |  wt_buff_8_1_0_V_r |    scalar    |
|wt_buff_8_1_1_V_r        |  in |   16|   ap_none  |  wt_buff_8_1_1_V_r |    scalar    |
|wt_buff_8_1_2_V_r        |  in |   16|   ap_none  |  wt_buff_8_1_2_V_r |    scalar    |
|wt_buff_8_2_0_V_r        |  in |   16|   ap_none  |  wt_buff_8_2_0_V_r |    scalar    |
|wt_buff_8_2_1_V_r        |  in |   16|   ap_none  |  wt_buff_8_2_1_V_r |    scalar    |
|wt_buff_8_2_2_V_r        |  in |   16|   ap_none  |  wt_buff_8_2_2_V_r |    scalar    |
|wt_buff_8_3_0_V_r        |  in |   16|   ap_none  |  wt_buff_8_3_0_V_r |    scalar    |
|wt_buff_8_3_1_V_r        |  in |   16|   ap_none  |  wt_buff_8_3_1_V_r |    scalar    |
|wt_buff_8_3_2_V_r        |  in |   16|   ap_none  |  wt_buff_8_3_2_V_r |    scalar    |
|wt_buff_9_0_0_V_r        |  in |   16|   ap_none  |  wt_buff_9_0_0_V_r |    scalar    |
|wt_buff_9_0_1_V_r        |  in |   16|   ap_none  |  wt_buff_9_0_1_V_r |    scalar    |
|wt_buff_9_0_2_V_r        |  in |   16|   ap_none  |  wt_buff_9_0_2_V_r |    scalar    |
|wt_buff_9_1_0_V_r        |  in |   16|   ap_none  |  wt_buff_9_1_0_V_r |    scalar    |
|wt_buff_9_1_1_V_r        |  in |   16|   ap_none  |  wt_buff_9_1_1_V_r |    scalar    |
|wt_buff_9_1_2_V_r        |  in |   16|   ap_none  |  wt_buff_9_1_2_V_r |    scalar    |
|wt_buff_9_2_0_V_r        |  in |   16|   ap_none  |  wt_buff_9_2_0_V_r |    scalar    |
|wt_buff_9_2_1_V_r        |  in |   16|   ap_none  |  wt_buff_9_2_1_V_r |    scalar    |
|wt_buff_9_2_2_V_r        |  in |   16|   ap_none  |  wt_buff_9_2_2_V_r |    scalar    |
|wt_buff_9_3_0_V_r        |  in |   16|   ap_none  |  wt_buff_9_3_0_V_r |    scalar    |
|wt_buff_9_3_1_V_r        |  in |   16|   ap_none  |  wt_buff_9_3_1_V_r |    scalar    |
|wt_buff_9_3_2_V_r        |  in |   16|   ap_none  |  wt_buff_9_3_2_V_r |    scalar    |
|wt_buff_10_0_0_V_s       |  in |   16|   ap_none  | wt_buff_10_0_0_V_s |    scalar    |
|wt_buff_10_0_1_V_s       |  in |   16|   ap_none  | wt_buff_10_0_1_V_s |    scalar    |
|wt_buff_10_0_2_V_s       |  in |   16|   ap_none  | wt_buff_10_0_2_V_s |    scalar    |
|wt_buff_10_1_0_V_s       |  in |   16|   ap_none  | wt_buff_10_1_0_V_s |    scalar    |
|wt_buff_10_1_1_V_s       |  in |   16|   ap_none  | wt_buff_10_1_1_V_s |    scalar    |
|wt_buff_10_1_2_V_s       |  in |   16|   ap_none  | wt_buff_10_1_2_V_s |    scalar    |
|wt_buff_10_2_0_V_s       |  in |   16|   ap_none  | wt_buff_10_2_0_V_s |    scalar    |
|wt_buff_10_2_1_V_s       |  in |   16|   ap_none  | wt_buff_10_2_1_V_s |    scalar    |
|wt_buff_10_2_2_V_s       |  in |   16|   ap_none  | wt_buff_10_2_2_V_s |    scalar    |
|wt_buff_10_3_0_V_s       |  in |   16|   ap_none  | wt_buff_10_3_0_V_s |    scalar    |
|wt_buff_10_3_1_V_s       |  in |   16|   ap_none  | wt_buff_10_3_1_V_s |    scalar    |
|wt_buff_10_3_2_V_s       |  in |   16|   ap_none  | wt_buff_10_3_2_V_s |    scalar    |
|wt_buff_11_0_0_V_s       |  in |   16|   ap_none  | wt_buff_11_0_0_V_s |    scalar    |
|wt_buff_11_0_1_V_s       |  in |   16|   ap_none  | wt_buff_11_0_1_V_s |    scalar    |
|wt_buff_11_0_2_V_s       |  in |   16|   ap_none  | wt_buff_11_0_2_V_s |    scalar    |
|wt_buff_11_1_0_V_s       |  in |   16|   ap_none  | wt_buff_11_1_0_V_s |    scalar    |
|wt_buff_11_1_1_V_s       |  in |   16|   ap_none  | wt_buff_11_1_1_V_s |    scalar    |
|wt_buff_11_1_2_V_s       |  in |   16|   ap_none  | wt_buff_11_1_2_V_s |    scalar    |
|wt_buff_11_2_0_V_s       |  in |   16|   ap_none  | wt_buff_11_2_0_V_s |    scalar    |
|wt_buff_11_2_1_V_s       |  in |   16|   ap_none  | wt_buff_11_2_1_V_s |    scalar    |
|wt_buff_11_2_2_V_s       |  in |   16|   ap_none  | wt_buff_11_2_2_V_s |    scalar    |
|wt_buff_11_3_0_V_s       |  in |   16|   ap_none  | wt_buff_11_3_0_V_s |    scalar    |
|wt_buff_11_3_1_V_s       |  in |   16|   ap_none  | wt_buff_11_3_1_V_s |    scalar    |
|wt_buff_11_3_2_V_s       |  in |   16|   ap_none  | wt_buff_11_3_2_V_s |    scalar    |
|wt_buff_12_0_0_V_s       |  in |   16|   ap_none  | wt_buff_12_0_0_V_s |    scalar    |
|wt_buff_12_0_1_V_s       |  in |   16|   ap_none  | wt_buff_12_0_1_V_s |    scalar    |
|wt_buff_12_0_2_V_s       |  in |   16|   ap_none  | wt_buff_12_0_2_V_s |    scalar    |
|wt_buff_12_1_0_V_s       |  in |   16|   ap_none  | wt_buff_12_1_0_V_s |    scalar    |
|wt_buff_12_1_1_V_s       |  in |   16|   ap_none  | wt_buff_12_1_1_V_s |    scalar    |
|wt_buff_12_1_2_V_s       |  in |   16|   ap_none  | wt_buff_12_1_2_V_s |    scalar    |
|wt_buff_12_2_0_V_s       |  in |   16|   ap_none  | wt_buff_12_2_0_V_s |    scalar    |
|wt_buff_12_2_1_V_s       |  in |   16|   ap_none  | wt_buff_12_2_1_V_s |    scalar    |
|wt_buff_12_2_2_V_s       |  in |   16|   ap_none  | wt_buff_12_2_2_V_s |    scalar    |
|wt_buff_12_3_0_V_s       |  in |   16|   ap_none  | wt_buff_12_3_0_V_s |    scalar    |
|wt_buff_12_3_1_V_s       |  in |   16|   ap_none  | wt_buff_12_3_1_V_s |    scalar    |
|wt_buff_12_3_2_V_s       |  in |   16|   ap_none  | wt_buff_12_3_2_V_s |    scalar    |
|wt_buff_13_0_0_V_s       |  in |   16|   ap_none  | wt_buff_13_0_0_V_s |    scalar    |
|wt_buff_13_0_1_V_s       |  in |   16|   ap_none  | wt_buff_13_0_1_V_s |    scalar    |
|wt_buff_13_0_2_V_s       |  in |   16|   ap_none  | wt_buff_13_0_2_V_s |    scalar    |
|wt_buff_13_1_0_V_s       |  in |   16|   ap_none  | wt_buff_13_1_0_V_s |    scalar    |
|wt_buff_13_1_1_V_s       |  in |   16|   ap_none  | wt_buff_13_1_1_V_s |    scalar    |
|wt_buff_13_1_2_V_s       |  in |   16|   ap_none  | wt_buff_13_1_2_V_s |    scalar    |
|wt_buff_13_2_0_V_s       |  in |   16|   ap_none  | wt_buff_13_2_0_V_s |    scalar    |
|wt_buff_13_2_1_V_s       |  in |   16|   ap_none  | wt_buff_13_2_1_V_s |    scalar    |
|wt_buff_13_2_2_V_s       |  in |   16|   ap_none  | wt_buff_13_2_2_V_s |    scalar    |
|wt_buff_13_3_0_V_s       |  in |   16|   ap_none  | wt_buff_13_3_0_V_s |    scalar    |
|wt_buff_13_3_1_V_s       |  in |   16|   ap_none  | wt_buff_13_3_1_V_s |    scalar    |
|wt_buff_13_3_2_V_s       |  in |   16|   ap_none  | wt_buff_13_3_2_V_s |    scalar    |
|wt_buff_14_0_0_V_s       |  in |   16|   ap_none  | wt_buff_14_0_0_V_s |    scalar    |
|wt_buff_14_0_1_V_s       |  in |   16|   ap_none  | wt_buff_14_0_1_V_s |    scalar    |
|wt_buff_14_0_2_V_s       |  in |   16|   ap_none  | wt_buff_14_0_2_V_s |    scalar    |
|wt_buff_14_1_0_V_s       |  in |   16|   ap_none  | wt_buff_14_1_0_V_s |    scalar    |
|wt_buff_14_1_1_V_s       |  in |   16|   ap_none  | wt_buff_14_1_1_V_s |    scalar    |
|wt_buff_14_1_2_V_s       |  in |   16|   ap_none  | wt_buff_14_1_2_V_s |    scalar    |
|wt_buff_14_2_0_V_s       |  in |   16|   ap_none  | wt_buff_14_2_0_V_s |    scalar    |
|wt_buff_14_2_1_V_s       |  in |   16|   ap_none  | wt_buff_14_2_1_V_s |    scalar    |
|wt_buff_14_2_2_V_s       |  in |   16|   ap_none  | wt_buff_14_2_2_V_s |    scalar    |
|wt_buff_14_3_0_V_s       |  in |   16|   ap_none  | wt_buff_14_3_0_V_s |    scalar    |
|wt_buff_14_3_1_V_s       |  in |   16|   ap_none  | wt_buff_14_3_1_V_s |    scalar    |
|wt_buff_14_3_2_V_s       |  in |   16|   ap_none  | wt_buff_14_3_2_V_s |    scalar    |
|wt_buff_15_0_0_V_s       |  in |   16|   ap_none  | wt_buff_15_0_0_V_s |    scalar    |
|wt_buff_15_0_1_V_s       |  in |   16|   ap_none  | wt_buff_15_0_1_V_s |    scalar    |
|wt_buff_15_0_2_V_s       |  in |   16|   ap_none  | wt_buff_15_0_2_V_s |    scalar    |
|wt_buff_15_1_0_V_s       |  in |   16|   ap_none  | wt_buff_15_1_0_V_s |    scalar    |
|wt_buff_15_1_1_V_s       |  in |   16|   ap_none  | wt_buff_15_1_1_V_s |    scalar    |
|wt_buff_15_1_2_V_s       |  in |   16|   ap_none  | wt_buff_15_1_2_V_s |    scalar    |
|wt_buff_15_2_0_V_s       |  in |   16|   ap_none  | wt_buff_15_2_0_V_s |    scalar    |
|wt_buff_15_2_1_V_s       |  in |   16|   ap_none  | wt_buff_15_2_1_V_s |    scalar    |
|wt_buff_15_2_2_V_s       |  in |   16|   ap_none  | wt_buff_15_2_2_V_s |    scalar    |
|wt_buff_15_3_0_V_s       |  in |   16|   ap_none  | wt_buff_15_3_0_V_s |    scalar    |
|wt_buff_15_3_1_V_s       |  in |   16|   ap_none  | wt_buff_15_3_1_V_s |    scalar    |
|wt_buff_15_3_2_V_s       |  in |   16|   ap_none  | wt_buff_15_3_2_V_s |    scalar    |
|n                        |  in |   32|   ap_none  |          n         |    scalar    |
|m                        |  in |   32|   ap_none  |          m         |    scalar    |
|ch_in                    |  in |   32|   ap_none  |        ch_in       |    scalar    |
+-------------------------+-----+-----+------------+--------------------+--------------+

